Component: ARM Compiler 5.06 update 7 (build 960) Tool: armlink [4d3601]

==============================================================================

Section Cross References

    startup_stm32f407xx.o(RESET) refers to startup_stm32f407xx.o(STACK) for __initial_sp
    startup_stm32f407xx.o(RESET) refers to startup_stm32f407xx.o(.text) for Reset_Handler
    startup_stm32f407xx.o(RESET) refers to stm32f4xx_it.o(i.NMI_Handler) for NMI_Handler
    startup_stm32f407xx.o(RESET) refers to stm32f4xx_it.o(i.HardFault_Handler) for HardFault_Handler
    startup_stm32f407xx.o(RESET) refers to stm32f4xx_it.o(i.MemManage_Handler) for MemManage_Handler
    startup_stm32f407xx.o(RESET) refers to stm32f4xx_it.o(i.BusFault_Handler) for BusFault_Handler
    startup_stm32f407xx.o(RESET) refers to stm32f4xx_it.o(i.UsageFault_Handler) for UsageFault_Handler
    startup_stm32f407xx.o(RESET) refers to port.o(.emb_text) for SVC_Handler
    startup_stm32f407xx.o(RESET) refers to stm32f4xx_it.o(i.DebugMon_Handler) for DebugMon_Handler
    startup_stm32f407xx.o(RESET) refers to port.o(i.SysTick_Handler) for SysTick_Handler
    startup_stm32f407xx.o(RESET) refers to stm32f4xx_it.o(i.EXTI3_IRQHandler) for EXTI3_IRQHandler
    startup_stm32f407xx.o(RESET) refers to stm32f4xx_it.o(i.EXTI4_IRQHandler) for EXTI4_IRQHandler
    startup_stm32f407xx.o(RESET) refers to stm32f4xx_it.o(i.DMA1_Stream1_IRQHandler) for DMA1_Stream1_IRQHandler
    startup_stm32f407xx.o(RESET) refers to stm32f4xx_it.o(i.CAN1_TX_IRQHandler) for CAN1_TX_IRQHandler
    startup_stm32f407xx.o(RESET) refers to stm32f4xx_it.o(i.CAN1_RX0_IRQHandler) for CAN1_RX0_IRQHandler
    startup_stm32f407xx.o(RESET) refers to stm32f4xx_it.o(i.EXTI9_5_IRQHandler) for EXTI9_5_IRQHandler
    startup_stm32f407xx.o(RESET) refers to stm32f4xx_it.o(i.USART1_IRQHandler) for USART1_IRQHandler
    startup_stm32f407xx.o(RESET) refers to stm32f4xx_it.o(i.USART3_IRQHandler) for USART3_IRQHandler
    startup_stm32f407xx.o(RESET) refers to stm32f4xx_it.o(i.TIM6_DAC_IRQHandler) for TIM6_DAC_IRQHandler
    startup_stm32f407xx.o(RESET) refers to stm32f4xx_it.o(i.DMA2_Stream1_IRQHandler) for DMA2_Stream1_IRQHandler
    startup_stm32f407xx.o(RESET) refers to stm32f4xx_it.o(i.CAN2_TX_IRQHandler) for CAN2_TX_IRQHandler
    startup_stm32f407xx.o(RESET) refers to stm32f4xx_it.o(i.CAN2_RX0_IRQHandler) for CAN2_RX0_IRQHandler
    startup_stm32f407xx.o(RESET) refers to stm32f4xx_it.o(i.DMA2_Stream5_IRQHandler) for DMA2_Stream5_IRQHandler
    startup_stm32f407xx.o(RESET) refers to stm32f4xx_it.o(i.DMA2_Stream6_IRQHandler) for DMA2_Stream6_IRQHandler
    startup_stm32f407xx.o(RESET) refers to stm32f4xx_it.o(i.DMA2_Stream7_IRQHandler) for DMA2_Stream7_IRQHandler
    startup_stm32f407xx.o(RESET) refers to stm32f4xx_it.o(i.USART6_IRQHandler) for USART6_IRQHandler
    startup_stm32f407xx.o(.text) refers to system_stm32f4xx.o(i.SystemInit) for SystemInit
    startup_stm32f407xx.o(.text) refers to entry.o(.ARM.Collect$$$$00000000) for __main
    main.o(i.HAL_TIM_PeriodElapsedCallback) refers to stm32f4xx_hal.o(i.HAL_IncTick) for HAL_IncTick
    main.o(i.SystemClock_Config) refers to memseta.o(.text) for __aeabi_memclr4
    main.o(i.SystemClock_Config) refers to stm32f4xx_hal_rcc.o(i.HAL_RCC_OscConfig) for HAL_RCC_OscConfig
    main.o(i.SystemClock_Config) refers to main.o(i.Error_Handler) for Error_Handler
    main.o(i.SystemClock_Config) refers to stm32f4xx_hal_rcc.o(i.HAL_RCC_ClockConfig) for HAL_RCC_ClockConfig
    main.o(i.main) refers to stm32f4xx_hal.o(i.HAL_Init) for HAL_Init
    main.o(i.main) refers to main.o(i.SystemClock_Config) for SystemClock_Config
    main.o(i.main) refers to gpio.o(i.MX_GPIO_Init) for MX_GPIO_Init
    main.o(i.main) refers to dma.o(i.MX_DMA_Init) for MX_DMA_Init
    main.o(i.main) refers to can.o(i.MX_CAN1_Init) for MX_CAN1_Init
    main.o(i.main) refers to can.o(i.MX_CAN2_Init) for MX_CAN2_Init
    main.o(i.main) refers to i2c.o(i.MX_I2C3_Init) for MX_I2C3_Init
    main.o(i.main) refers to tim.o(i.MX_TIM1_Init) for MX_TIM1_Init
    main.o(i.main) refers to tim.o(i.MX_TIM3_Init) for MX_TIM3_Init
    main.o(i.main) refers to tim.o(i.MX_TIM4_Init) for MX_TIM4_Init
    main.o(i.main) refers to usart.o(i.MX_USART3_UART_Init) for MX_USART3_UART_Init
    main.o(i.main) refers to usart.o(i.MX_USART6_UART_Init) for MX_USART6_UART_Init
    main.o(i.main) refers to usart.o(i.MX_USART1_UART_Init) for MX_USART1_UART_Init
    main.o(i.main) refers to spi.o(i.MX_SPI1_Init) for MX_SPI1_Init
    main.o(i.main) refers to tim.o(i.MX_TIM10_Init) for MX_TIM10_Init
    main.o(i.main) refers to tim.o(i.MX_TIM5_Init) for MX_TIM5_Init
    main.o(i.main) refers to freertos.o(i.MX_FREERTOS_Init) for MX_FREERTOS_Init
    main.o(i.main) refers to cmsis_os.o(i.osKernelStart) for osKernelStart
    gpio.o(i.MX_GPIO_Init) refers to memseta.o(.text) for __aeabi_memclr4
    gpio.o(i.MX_GPIO_Init) refers to stm32f4xx_hal_gpio.o(i.HAL_GPIO_WritePin) for HAL_GPIO_WritePin
[...]
    m_imu                                    0x2000420c   Data          96  imu_driver.o(.bss)
    bmi088_data                              0x2000426c   Data          36  imu_driver.o(.bss)
    ist8310_data                             0x20004290   Data          16  imu_driver.o(.bss)
    gyro_offset                              0x200042a0   Data          12  imu_driver.o(.bss)
    gyro_cali_offset                         0x200042ac   Data          12  imu_driver.o(.bss)
    accel_offset                             0x200042b8   Data          12  imu_driver.o(.bss)
    mag_offset                               0x200042c4   Data          12  imu_driver.o(.bss)
    chassis_motor                            0x200042f4   Data         144  motor.o(.bss)
    gimbal_motor_yaw                         0x20004384   Data          36  motor.o(.bss)
    gimbal_motor_pitch                       0x200043a8   Data          36  motor.o(.bss)
    friction_wheel_motor                     0x200043cc   Data          72  motor.o(.bss)
    trigger_motor                            0x20004414   Data          36  motor.o(.bss)
    Magazine_motor                           0x20004438   Data          36  motor.o(.bss)
    m_rc_info                                0x2000445c   Data          22  remote_control.o(.bss)
    SoftTimer                                0x20004474   Data         168  soft_timer.o(.bss)
    offline_handle                           0x2000451c   Data         384  detect_task.o(.bss)
    imu_temp_pid                             0x2000469c   Data          68  imu_task.o(.bss)
    console                                  0x200046e0   Data          80  infantry_console.o(.bss)
    last_rc                                  0x20004730   Data          22  infantry_console.o(.bss)
    soft_timer                               0x20004748   Data         336  timer_task.o(.bss)
    gimbal_handle                            0x20004898   Data         576  gimbal_app.o(.bss)
    yaw_aim                                  0x20004ad8   Data         120  gimbal_app.o(.bss)
    f1                                       0x20005f58   Data          16  gimbal_app.o(.bss)
    f2                                       0x20005f68   Data          16  gimbal_app.o(.bss)
    f3                                       0x20005f78   Data          16  gimbal_app.o(.bss)
    rtt                                      0x20005f88   Data         256  gimbal_app.o(.bss)
    Yaw_Kalman_error                         0x20006088   Data          48  gimbal_task.o(.bss)
    Pitch_Kalman_error                       0x200060b8   Data          48  gimbal_task.o(.bss)
    Distance_Kalman_error                    0x200060e8   Data          48  gimbal_task.o(.bss)
    vision_yaw_speed                         0x20006118   Data          28  gimbal_task.o(.bss)
    vision_pitch_speed                       0x20006134   Data          28  gimbal_task.o(.bss)
    yaw_kalman_filter                        0x20006150   Data         108  gimbal_task.o(.bss)
    pitch_kalman_filter                      0x200061bc   Data         108  gimbal_task.o(.bss)
    AutoAimCoefficient                       0x20006228   Data          44  gimbal_task.o(.bss)
    AutoAimError                             0x20006254   Data          20  gimbal_task.o(.bss)
    Aim_Shootdelay                           0x20006268   Data          12  gimbal_task.o(.bss)
    vision_data                              0x20006274   Data          36  gimbal_task.o(.bss)
    shoot_handle                             0x20006298   Data         628  shoot_task.o(.bss)
    chassis_handle                           0x20006510   Data         552  chassis_app.o(.bss)
    f2t                                      0x20006738   Data          24  chassis_app.o(.bss)
    fuck                                     0x20007d58   Data          12  chassis_app.o(.bss)
    xx7                                      0x20007d64   Data          15  chassis_app.o(.bss)
    cx1                                      0x20007d73   Data          15  chassis_app.o(.bss)
    cx2                                      0x20007d82   Data          15  chassis_app.o(.bss)
    cx3                                      0x20007d91   Data          15  chassis_app.o(.bss)
    cx4                                      0x20007da0   Data          15  chassis_app.o(.bss)
    cx5                                      0x20007daf   Data          15  chassis_app.o(.bss)
    cx6                                      0x20007dbe   Data          15  chassis_app.o(.bss)
    cx7                                      0x20007dcd   Data          15  chassis_app.o(.bss)
    cx8                                      0x20007ddc   Data          15  chassis_app.o(.bss)
    cx9                                      0x20007deb   Data          15  chassis_app.o(.bss)
    cx10                                     0x20007dfa   Data          15  chassis_app.o(.bss)
    cx11                                     0x20007e09   Data          15  chassis_app.o(.bss)
    cx12                                     0x20007e18   Data          15  chassis_app.o(.bss)
    yuan                                     0x20007e27   Data          15  chassis_app.o(.bss)
    hh                                       0x20007e36   Data          15  chassis_app.o(.bss)
    ch                                       0x20007e45   Data          15  chassis_app.o(.bss)
    zm                                       0x20007e54   Data          15  chassis_app.o(.bss)
    cz                                       0x20007e63   Data          15  chassis_app.o(.bss)
    bt                                       0x20007e72   Data          15  chassis_app.o(.bss)
    xtl                                      0x20007e81   Data          45  chassis_app.o(.bss)
    lxy                                      0x20007eae   Data          45  chassis_app.o(.bss)
    czk                                      0x20007edb   Data          45  chassis_app.o(.bss)
    chz                                      0x20007f08   Data          45  chassis_app.o(.bss)
    giz                                      0x20007f35   Data          45  chassis_app.o(.bss)
    dcg                                      0x20007f62   Data          45  chassis_app.o(.bss)
    dds                                      0x20007f8f   Data          45  chassis_app.o(.bss)
    das                                      0x20007fbc   Data          45  chassis_app.o(.bss)
    cd                                       0x20007fe9   Data          15  chassis_app.o(.bss)
    dc                                       0x20007ff8   Data          15  chassis_app.o(.bss)
    num                                      0x20008007   Data          15  chassis_app.o(.bss)
    pit                                      0x20008016   Data          15  chassis_app.o(.bss)
    pyt                                      0x20008025   Data          15  chassis_app.o(.bss)
    lxh                                      0x20008034   Data          15  chassis_app.o(.bss)
    cyh                                      0x20008043   Data          15  chassis_app.o(.bss)
    gimbal_other_handle                      0x2000bd44   Data         576  gimbal_other_app.o(.bss)
    other_yaw_aim                            0x2000bf84   Data         120  gimbal_other_app.o(.bss)
    other_f1                                 0x2000d404   Data          16  gimbal_other_app.o(.bss)
    other_f2                                 0x2000d414   Data          16  gimbal_other_app.o(.bss)
    other_f3                                 0x2000d424   Data          16  gimbal_other_app.o(.bss)
    other_rtt                                0x2000d434   Data         256  gimbal_other_app.o(.bss)
    vision_other_data                        0x2000d69c   Data          36  gimbal_other_task.o(.bss)
    shoot_other_handle                       0x2000d6c0   Data         628  shoot_other_task.o(.bss)
    __initial_sp                             0x2000dd38   Data           0  startup_stm32f407xx.o(STACK)



==============================================================================

Memory Map of the image

  Image Entry point : 0x08000189

  Load Region LR_IROM1 (Base: 0x08000000, Size: 0x00012898, Max: 0x00100000, ABSOLUTE, COMPRESSED[0x00012280])

    Execution Region ER_IROM1 (Exec base: 0x08000000, Load base: 0x08000000, Size: 0x00012138, Max: 0x00100000, ABSOLUTE)

    Exec Addr    Load Addr    Size         Type   Attr      Idx    E Section Name        Object

    0x08000000   0x08000000   0x00000188   Data   RO            3    RESET               startup_stm32f407xx.o
    0x08000188   0x08000188   0x00000000   Code   RO         9789  * .ARM.Collect$$$$00000000  mc_w.l(entry.o)
    0x08000188   0x08000188   0x00000004   Code   RO         9876    .ARM.Collect$$$$00000001  mc_w.l(entry2.o)
    0x0800018c   0x0800018c   0x00000004   Code   RO         9879    .ARM.Collect$$$$00000004  mc_w.l(entry5.o)
    0x08000190   0x08000190   0x00000000   Code   RO         9881    .ARM.Collect$$$$00000008  mc_w.l(entry7b.o)
    0x08000190   0x08000190   0x00000000   Code   RO         9883    .ARM.Collect$$$$0000000A  mc_w.l(entry8b.o)
    0x08000190   0x08000190   0x00000008   Code   RO         9884    .ARM.Collect$$$$0000000B  mc_w.l(entry9a.o)
    0x08000198   0x08000198   0x00000004   Code   RO         9891    .ARM.Collect$$$$0000000E  mc_w.l(entry12b.o)
    0x0800019c   0x0800019c   0x00000000   Code   RO         9886    .ARM.Collect$$$$0000000F  mc_w.l(entry10a.o)
    0x0800019c   0x0800019c   0x00000000   Code   RO         9888    .ARM.Collect$$$$00000011  mc_w.l(entry11a.o)
    0x0800019c   0x0800019c   0x00000004   Code   RO         9877    .ARM.Collect$$$$00002712  mc_w.l(entry2.o)
    0x080001a0   0x080001a0   0x000000be   Code   RO         8953    .emb_text           port.o
    0x0800025e   0x0800025e   0x00000002   PAD
    0x08000260   0x08000260   0x00000024   Code   RO            4    .text               startup_stm32f407xx.o
    0x08000284   0x08000284   0x00000078   Code   RO         9409    .text               arm_cortexM4lf_math.lib(arm_cos_f32.o)
    0x080002fc   0x080002fc   0x00000074   Code   RO         9462    .text               arm_cortexM4lf_math.lib(arm_sin_f32.o)
    0x08000370   0x08000370   0x00000008   Code   RO         9510    .text               arm_cortexM4lf_math.lib(arm_mat_init_f32.o)
    0x08000378   0x08000378   0x00000114   Code   RO         9606    .text               arm_cortexM4lf_math.lib(arm_mat_trans_f32.o)
    0x0800048c   0x0800048c   0x00000062   Code   RO         9792    .text               mc_w.l(uldiv.o)
    0x080004ee   0x080004ee   0x00000024   Code   RO         9794    .text               mc_w.l(memcpya.o)
    0x08000512   0x08000512   0x00000024   Code   RO         9798    .text               mc_w.l(memseta.o)
    0x08000536   0x08000536   0x0000000e   Code   RO         9800    .text               mc_w.l(strlen.o)
    0x08000544   0x08000544   0x00000012   Code   RO         9802    .text               mc_w.l(strcpy.o)
    0x08000556   0x08000556   0x0000014e   Code   RO         9806    .text               mf_w.l(dadd.o)
    0x080006a4   0x080006a4   0x000000e4   Code   RO         9808    .text               mf_w.l(dmul.o)
    0x08000788   0x08000788   0x000000de   Code   RO         9810    .text               mf_w.l(ddiv.o)
    0x08000866   0x08000866   0x00000022   Code   RO         9812    .text               mf_w.l(dflti.o)
    0x08000888   0x08000888   0x0000001a   Code   RO         9814    .text               mf_w.l(dfltui.o)
    0x080008a2   0x080008a2   0x00000032   Code   RO         9816    .text               mf_w.l(dfixui.o)
    0x080008d4   0x080008d4   0x00000026   Code   RO         9818    .text               mf_w.l(f2d.o)
    0x080008fa   0x080008fa   0x00000002   PAD
    0x080008fc   0x080008fc   0x00000030   Code   RO         9820    .text               mf_w.l(cdcmple.o)
    0x0800092c   0x0800092c   0x00000030   Code   RO         9822    .text               mf_w.l(cdrcmple.o)
    0x0800095c   0x0800095c   0x00000038   Code   RO         9824    .text               mf_w.l(d2f.o)
    0x08000994   0x08000994   0x0000001e   Code   RO         9892    .text               mc_w.l(llshl.o)
    0x080009b2   0x080009b2   0x00000020   Code   RO         9894    .text               mc_w.l(llushr.o)
    0x080009d2   0x080009d2   0x00000024   Code   RO         9896    .text               mc_w.l(llsshr.o)
    0x080009f6   0x080009f6   0x00000000   Code   RO         9905    .text               mc_w.l(iusefp.o)
    0x080009f6   0x080009f6   0x0000006e   Code   RO         9906    .text               mf_w.l(fepilogue.o)
    0x08000a64   0x08000a64   0x000000ba   Code   RO         9908    .text               mf_w.l(depilogue.o)
    0x08000b1e   0x08000b1e   0x00000002   PAD
    0x08000b20   0x08000b20   0x00000024   Code   RO         9914    .text               mc_w.l(init.o)
    0x08000b44   0x08000b44   0x00000056   Code   RO         9926    .text               mc_w.l(__dczerorl2.o)
    0x08000b9a   0x08000b9a   0x00000018   Code   RO         1335    i.AHRS_asinf        ahrs_middleware.o
    0x08000bb2   0x08000bb2   0x00000020   Code   RO         1336    i.AHRS_atan2f       ahrs_middleware.o
    0x08000bd2   0x08000bd2   0x00000018   Code   RO         1337    i.AHRS_cosf         ahrs_middleware.o
    0x08000bea   0x08000bea   0x0000001a   Code   RO         9319    i.AHRS_fabs         AHRS.lib(ahrs.o)
    0x08000c04   0x08000c04   0x00000010   Code   RO         1338    i.AHRS_get_height   ahrs_middleware.o
    0x08000c14   0x08000c14   0x0000000c   Code   RO         1339    i.AHRS_get_latitude  ahrs_middleware.o
    0x08000c20   0x08000c20   0x0000029c   Code   RO         9320    i.AHRS_init         AHRS.lib(ahrs.o)
    0x08000ebc   0x08000ebc   0x00000024   Code   RO         1340    i.AHRS_invSqrt      ahrs_middleware.o
    0x08000ee0   0x08000ee0   0x00000018   Code   RO         1341    i.AHRS_sinf         ahrs_middleware.o
    0x08000ef8   0x08000ef8   0x0000013a   Code   RO         9321    i.AHRS_update       AHRS.lib(ahrs.o)
    0x08001032   0x08001032   0x00000002   PAD
    0x08001034   0x08001034   0x00000144   Code   RO         3619    i.Aim_contorl       gimbal_task.o
    0x08001178   0x08001178   0x00000144   Code   RO         9122    i.Aim_contorl       gimbal_other_task.o
    0x080012bc   0x080012bc   0x00000040   Code   RO         3437    i.Aim_init          gimbal_app.o
    0x080012fc   0x080012fc   0x00000040   Code   RO         9033    i.Aim_init          gimbal_other_app.o
    0x0800133c   0x0800133c   0x000000dc   Code   RO         3539    i.AngleTransform    gimbal_function.o
    0x08001418   0x08001418   0x000000a0   Code   RO         3036    i.AppInit           app_init.o
    0x080014b8   0x080014b8   0x00000014   Code   RO         2332    i.BMI088_ACCEL_NS_H  bmi088middleware.o
    0x080014cc   0x080014cc   0x00000014   Code   RO         2333    i.BMI088_ACCEL_NS_L  bmi088middleware.o
    0x080014e0   0x080014e0   0x00000002   Code   RO         2334    i.BMI088_GPIO_init  bmi088middleware.o
    0x080014e2   0x080014e2   0x00000002   PAD
    0x080014e4   0x080014e4   0x00000014   Code   RO         2335    i.BMI088_GYRO_NS_H  bmi088middleware.o
    0x080014f8   0x080014f8   0x00000014   Code   RO         2336    i.BMI088_GYRO_NS_L  bmi088middleware.o
    0x0800150c   0x0800150c   0x00000002   Code   RO         2337    i.BMI088_com_init   bmi088middleware.o
    0x0800150e   0x0800150e   0x0000000c   Code   RO         2338    i.BMI088_delay_ms   bmi088middleware.o
    0x0800151a   0x0800151a   0x0000000c   Code   RO         2339    i.BMI088_delay_us   bmi088middleware.o
    0x08001526   0x08001526   0x00000034   Code   RO         2198    i.BMI088_init       bmi088driver.o
    0x0800155a   0x0800155a   0x00000002   PAD
    0x0800155c   0x0800155c   0x0000017c   Code   RO         2199    i.BMI088_read       bmi088driver.o
    0x080016d8   0x080016d8   0x00000026   Code   RO         2202    i.BMI088_read_muli_reg  bmi088driver.o
    0x080016fe   0x080016fe   0x00000018   Code   RO         2203    i.BMI088_read_single_reg  bmi088driver.o
    0x08001716   0x08001716   0x00000002   PAD
    0x08001718   0x08001718   0x00000020   Code   RO         2340    i.BMI088_read_write_byte  bmi088middleware.o
    0x08001738   0x08001738   0x00000014   Code   RO         2205    i.BMI088_write_single_reg  bmi088driver.o
    0x0800174c   0x0800174c   0x00000038   Code   RO          818    i.BSP_CAN_FilterConfig  bsp_can.o
    0x08001784   0x08001784   0x0000004c   Code   RO          819    i.BSP_CAN_Init      bsp_can.o
    0x080017d0   0x080017d0   0x00000060   Code   RO          820    i.BSP_CAN_NewObject  bsp_can.o
    0x08001830   0x08001830   0x00000014   Code   RO          821    i.BSP_CAN_SetRxCallback  bsp_can.o
    0x08001844   0x08001844   0x000000a6   Code   RO          822    i.BSP_CAN_TransmitData  bsp_can.o
    0x080018ea   0x080018ea   0x00000002   PAD
    0x080018ec   0x080018ec   0x00000030   Code   RO          930    i.BSP_DelayInit     bsp_delay.o
    0x0800191c   0x0800191c   0x00000050   Code   RO          931    i.BSP_DelayMs       bsp_delay.o
    0x0800196c   0x0800196c   0x00000050   Code   RO          932    i.BSP_DelayUs       bsp_delay.o
    0x080019bc   0x080019bc   0x00000014   Code   RO         1035    i.BSP_GPIO_NewObject  bsp_gpio.o
    0x080019d0   0x080019d0   0x0000001c   Code   RO         1037    i.BSP_GPIO_NewObject_PWM  bsp_gpio.o
    0x080019ec   0x080019ec   0x00000010   Code   RO         1038    i.BSP_GPIO_ReadPin  bsp_gpio.o
    0x080019fc   0x080019fc   0x00000030   Code   RO         1040    i.BSP_GPIO_SetPwmValue  bsp_gpio.o
    0x08001a2c   0x08001a2c   0x00000008   Code   RO          933    i.BSP_GetTime_ms    bsp_delay.o
    0x08001a34   0x08001a34   0x0000014c   Code   RO         1304    i.BSP_Init          bsp_init.o
    0x08001b80   0x08001b80   0x000000bc   Code   RO         1218    i.BSP_UART_IDLE_Callback  bsp_uart.o
    0x08001c3c   0x08001c3c   0x0000003c   Code   RO         1219    i.BSP_UART_NewObject  bsp_uart.o
    0x08001c78   0x08001c78   0x00000052   Code   RO         1220    i.BSP_UART_ReceiveConfig  bsp_uart.o
    0x08001cca   0x08001cca   0x00000014   Code   RO         1221    i.BSP_UART_SetRxCallback  bsp_uart.o
    0x08001cde   0x08001cde   0x0000003c   Code   RO         1222    i.BSP_UART_TransmitConfig  bsp_uart.o
    0x08001d1a   0x08001d1a   0x00000098   Code   RO         1223    i.BSP_UART_TransmitData  bsp_uart.o
    0x08001db2   0x08001db2   0x00000002   PAD
    0x08001db4   0x08001db4   0x000000a0   Code   RO         2149    i.BeepHandler       buzzer.o
    0x08001e54   0x08001e54   0x0000000c   Code   RO         2151    i.BeepTimesSet      buzzer.o
    0x08001e60   0x08001e60   0x00000084   Code   RO         2600    i.Blocked_Process   blocked.o
    0x08001ee4   0x08001ee4   0x0000000c   Code   RO         2601    i.Blocked_Reset     blocked.o
    0x08001ef0   0x08001ef0   0x00000004   Code   RO          601    i.BusFault_Handler  stm32f4xx_it.o
    0x08001ef4   0x08001ef4   0x0000001c   Code   RO         2152    i.Buzzer_SetBeep    buzzer.o
    0x08001f10   0x08001f10   0x00000010   Code   RO          602    i.CAN1_RX0_IRQHandler  stm32f4xx_it.o
    0x08001f20   0x08001f20   0x000000a0   Code   RO         3438    i.CAN1_ReceiveCallback  gimbal_app.o
    0x08001fc0   0x08001fc0   0x00000048   Code   RO         3824    i.CAN1_ReceiveCallback  chassis_app.o
    0x08002008   0x08002008   0x000000a0   Code   RO         9034    i.CAN1_ReceiveCallback  gimbal_other_app.o
    0x080020a8   0x080020a8   0x0000001c   Code   RO         3825    i.CAN1_RefereeDataHook  chassis_app.o
    0x080020c4   0x080020c4   0x00000010   Code   RO          603    i.CAN1_TX_IRQHandler  stm32f4xx_it.o
    0x080020d4   0x080020d4   0x0000001c   Code   RO         3439    i.CAN1_UploadDataHook  gimbal_app.o
    0x080020f0   0x080020f0   0x0000001c   Code   RO         3826    i.CAN1_UploadDataHook  chassis_app.o
    0x0800210c   0x0800210c   0x0000001c   Code   RO         9035    i.CAN1_UploadDataHook  gimbal_other_app.o
    0x08002128   0x08002128   0x00000010   Code   RO          604    i.CAN2_RX0_IRQHandler  stm32f4xx_it.o
    0x08002138   0x08002138   0x0000005e   Code   RO         3440    i.CAN2_ReceiveCallback  gimbal_app.o
    0x08002196   0x08002196   0x00000002   PAD
    0x08002198   0x08002198   0x000000cc   Code   RO         3827    i.CAN2_ReceiveCallback  chassis_app.o
    0x08002264   0x08002264   0x0000005e   Code   RO         9036    i.CAN2_ReceiveCallback  gimbal_other_app.o
    0x080022c2   0x080022c2   0x00000002   PAD
    0x080022c4   0x080022c4   0x00000010   Code   RO          605    i.CAN2_TX_IRQHandler  stm32f4xx_it.o
    0x080022d4   0x080022d4   0x0000007e   Code   RO          824    i.CAN_TransmitHandler  bsp_can.o
    0x08002352   0x08002352   0x00000002   PAD
    0x08002354   0x08002354   0x00000028   Code   RO         3441    i.COM1_ReceiveCallback  gimbal_app.o
    0x0800237c   0x0800237c   0x0000001c   Code   RO         3828    i.COM1_ReceiveCallback  chassis_app.o
    0x08002398   0x08002398   0x00000028   Code   RO         9037    i.COM1_ReceiveCallback  gimbal_other_app.o
    0x080023c0   0x080023c0   0x00000002   Code   RO         3442    i.COM2_ReceiveCallback  gimbal_app.o
    0x080023c2   0x080023c2   0x00000002   Code   RO         3829    i.COM2_ReceiveCallback  chassis_app.o
    0x080023c4   0x080023c4   0x00000002   Code   RO         9038    i.COM2_ReceiveCallback  gimbal_other_app.o
    0x080023c6   0x080023c6   0x00000002   PAD
    0x080023c8   0x080023c8   0x00000280   Code   RO         3830    i.ChassisAppConfig  chassis_app.o
    0x08002648   0x08002648   0x00000094   Code   RO         3979    i.ChassisCtrlModeSwitch  chassis_task.o
    0x080026dc   0x080026dc   0x00000060   Code   RO         3980    i.ChassisFollowGimbalMode  chassis_task.o
    0x0800273c   0x0800273c   0x00000044   Code   RO         3981    i.ChassisHalfMode   chassis_task.o
    0x08002780   0x08002780   0x0000010c   Code   RO         3982    i.ChassisHalfSPINMode  chassis_task.o
    0x0800288c   0x0800288c   0x00000028   Code   RO         3983    i.ChassisMotorSendCurrent  chassis_task.o
    0x080028b4   0x080028b4   0x00000014   Code   RO         2638    i.ChassisMotor_Pointer  motor.o
    0x080028c8   0x080028c8   0x00000078   Code   RO         3984    i.ChassisSensorUpdata  chassis_task.o
    0x08002940   0x08002940   0x000000c8   Code   RO         3985    i.ChassisSentryMode  chassis_task.o
    0x08002a08   0x08002a08   0x00000020   Code   RO         3986    i.ChassisSeparateGimbalMode  chassis_task.o
    0x08002a28   0x08002a28   0x00000120   Code   RO         3987    i.ChassisSpinMode   chassis_task.o
    0x08002b48   0x08002b48   0x00000024   Code   RO         3988    i.ChassisStopMode   chassis_task.o
    0x08002b6c   0x08002b6c   0x00000002   Code   RO         3989    i.ChassisSupSpinMode  chassis_task.o
    0x08002b6e   0x08002b6e   0x00000002   PAD
    0x08002b70   0x08002b70   0x00000170   Code   RO         3991    i.ChassisTask       chassis_task.o
    0x08002ce0   0x08002ce0   0x00000028   Code   RO         3992    i.ChassisTaskInit   chassis_task.o
    0x08002d08   0x08002d08   0x00000034   Code   RO         3929    i.Chassis_ControlCalc  chassis_function.o
    0x08002d3c   0x08002d3c   0x000001cc   Code   RO         3930    i.Chassis_LimitPower  chassis_function.o
    0x08002f08   0x08002f08   0x0000009c   Code   RO         3931    i.Chassis_MoveTransform  chassis_function.o
    0x08002fa4   0x08002fa4   0x00000018   Code   RO         3177    i.CheckDeviceIsOffline  detect_task.o
    0x08002fbc   0x08002fbc   0x00000010   Code   RO         3178    i.CheckDeviceRunTime  detect_task.o
    0x08002fcc   0x08002fcc   0x00000344   Code   RO         3831    i.ClientUI_Data     chassis_app.o
    0x08003310   0x08003310   0x0000009e   Code   RO         1950    i.ClientUI_DrawCircle  client_ui_base.o
    0x080033ae   0x080033ae   0x000000b2   Code   RO         1954    i.ClientUI_DrawIntNumber  client_ui_base.o
    0x08003460   0x08003460   0x000000b2   Code   RO         1955    i.ClientUI_DrawLine  client_ui_base.o
    0x08003512   0x08003512   0x000000d4   Code   RO         1957    i.ClientUI_DrawString  client_ui_base.o
    0x080035e6   0x080035e6   0x00000002   PAD
    0x080035e8   0x080035e8   0x00000010   Code   RO         1958    i.ClientUI_Init     client_ui_base.o
    0x080035f8   0x080035f8   0x00000014   Code   RO         1959    i.ClientUI_SetColor  client_ui_base.o
    0x0800360c   0x0800360c   0x0000000c   Code   RO         1961    i.ClientUI_SetHeaderCmdID  client_ui_base.o
    0x08003618   0x08003618   0x0000000c   Code   RO         1962    i.ClientUI_SetHeaderReceiverID  client_ui_base.o
    0x08003624   0x08003624   0x0000000c   Code   RO         1963    i.ClientUI_SetHeaderSenderID  client_ui_base.o
    0x08003630   0x08003630   0x00000016   Code   RO         1965    i.ClientUI_SetNumber  client_ui_base.o
    0x08003646   0x08003646   0x00000002   PAD
    0x08003648   0x08003648   0x0000004c   Code   RO         1967    i.ClientUI_TransmitData  client_ui_base.o
    0x08003694   0x08003694   0x00000124   Code   RO         1968    i.ClientUI_Update   client_ui_base.o
    0x080037b8   0x080037b8   0x00000018   Code   RO         3832    i.ClientUI_UploadDataHook  chassis_app.o
    0x080037d0   0x080037d0   0x0000004e   Code   RO         1659    i.Comm_Pack         comm_protocol.o
    0x0800381e   0x0800381e   0x00000028   Code   RO         1660    i.Comm_ReceiveData  comm_protocol.o
    0x08003846   0x08003846   0x00000002   PAD
    0x08003848   0x08003848   0x00000020   Code   RO         1661    i.Comm_ReceiveDataHandler  comm_protocol.o
    0x08003868   0x08003868   0x00000050   Code   RO         1662    i.Comm_ReceiveInit  comm_protocol.o
    0x080038b8   0x080038b8   0x00000020   Code   RO         3139    i.Comm_Task         comm_task.o
    0x080038d8   0x080038d8   0x00000028   Code   RO         3140    i.Comm_TaskInit     comm_task.o
    0x08003900   0x08003900   0x00000044   Code   RO         1663    i.Comm_TransmitData  comm_protocol.o
    0x08003944   0x08003944   0x0000007c   Code   RO         1664    i.Comm_TransmitDataHandler  comm_protocol.o
    0x080039c0   0x080039c0   0x00000048   Code   RO         1666    i.Comm_TransmitInit  comm_protocol.o
    0x08003a08   0x08003a08   0x0000012e   Code   RO         1667    i.Comm_Unpack       comm_protocol.o
    0x08003b36   0x08003b36   0x00000002   PAD
    0x08003b38   0x08003b38   0x00000028   Code   RO         3281    i.ConsoleCheckVariation  infantry_console.o
    0x08003b60   0x08003b60   0x00000002   Code   RO         3282    i.ConsoleSensorUpdata  infantry_console.o
    0x08003b62   0x08003b62   0x00000002   PAD
    0x08003b64   0x08003b64   0x00000124   Code   RO         3283    i.ConsoleTask       infantry_console.o
    0x08003c88   0x08003c88   0x000000d8   Code   RO         3284    i.ConsoleTaskInit   infantry_console.o
    0x08003d60   0x08003d60   0x00000008   Code   RO         3285    i.Console_Pointer   infantry_console.o
    0x08003d68   0x08003d68   0x00000030   Code   RO         3443    i.DBUS_ReceiveCallback  gimbal_app.o
    0x08003d98   0x08003d98   0x00000030   Code   RO         3833    i.DBUS_ReceiveCallback  chassis_app.o
    0x08003dc8   0x08003dc8   0x00000030   Code   RO         9039    i.DBUS_ReceiveCallback  gimbal_other_app.o
    0x08003df8   0x08003df8   0x00000010   Code   RO          606    i.DMA1_Stream1_IRQHandler  stm32f4xx_it.o
    0x08003e08   0x08003e08   0x00000010   Code   RO          607    i.DMA2_Stream1_IRQHandler  stm32f4xx_it.o
    0x08003e18   0x08003e18   0x00000010   Code   RO          608    i.DMA2_Stream5_IRQHandler  stm32f4xx_it.o
    0x08003e28   0x08003e28   0x00000010   Code   RO          609    i.DMA2_Stream6_IRQHandler  stm32f4xx_it.o
    0x08003e38   0x08003e38   0x00000010   Code   RO          610    i.DMA2_Stream7_IRQHandler  stm32f4xx_it.o
    0x08003e48   0x08003e48   0x00000034   Code   RO         4835    i.DMA_CalcBaseAndBitshift  stm32f4xx_hal_dma.o
    0x08003e7c   0x08003e7c   0x0000007e   Code   RO         4836    i.DMA_CheckFifoParam  stm32f4xx_hal_dma.o
    0x08003efa   0x08003efa   0x00000038   Code   RO         4837    i.DMA_SetConfig     stm32f4xx_hal_dma.o
    0x08003f32   0x08003f32   0x00000002   Code   RO          611    i.DebugMon_Handler  stm32f4xx_it.o
    0x08003f34   0x08003f34   0x000000cc   Code   RO         3179    i.DetectTask        detect_task.o
    0x08004000   0x08004000   0x00000028   Code   RO         3180    i.DetectTaskInit    detect_task.o
    0x08004028   0x08004028   0x00000060   Code   RO         1422    i.DoublePID_Calc    pid.o
    0x08004088   0x08004088   0x0000000a   Code   RO          612    i.EXTI3_IRQHandler  stm32f4xx_it.o
    0x08004092   0x08004092   0x0000000a   Code   RO          613    i.EXTI4_IRQHandler  stm32f4xx_it.o
    0x0800409c   0x0800409c   0x0000000a   Code   RO          614    i.EXTI9_5_IRQHandler  stm32f4xx_it.o
    0x080040a6   0x080040a6   0x00000006   Code   RO           13    i.Error_Handler     main.o
    0x080040ac   0x080040ac   0x00000008   Code   RO         2639    i.FrictionWheelMotor_1_Pointer  motor.o
    0x080040b4   0x080040b4   0x00000008   Code   RO         2640    i.FrictionWheelMotor_2_Pointer  motor.o
    0x080040bc   0x080040bc   0x00000008   Code   RO         2602    i.GetTime_ms        blocked.o
    0x080040c4   0x080040c4   0x00000098   Code   RO         3620    i.GimbalADDMode     gimbal_task.o
    0x0800415c   0x0800415c   0x00000338   Code   RO         3444    i.GimbalAppConfig   gimbal_app.o
    0x08004494   0x08004494   0x000000c0   Code   RO         3621    i.GimbalAssistMode  gimbal_task.o
    0x08004554   0x08004554   0x000000c8   Code   RO         3622    i.GimbalBackMode    gimbal_task.o
    0x0800461c   0x0800461c   0x000000ac   Code   RO         3623    i.GimbalCtrlModeSwitch  gimbal_task.o
    0x080046c8   0x080046c8   0x0000002c   Code   RO         3624    i.GimbalDirection   gimbal_task.o
    0x080046f4   0x080046f4   0x000000c0   Code   RO         3625    i.GimbalGyroAngleMode  gimbal_task.o
    0x080047b4   0x080047b4   0x00000060   Code   RO         3445    i.GimbalInfoUploadCallback  gimbal_app.o
    0x08004814   0x08004814   0x00000060   Code   RO         9040    i.GimbalInfoUploadCallback  gimbal_other_app.o
    0x08004874   0x08004874   0x00000008   Code   RO         1849    i.GimbalInfo_Pointer  user_protocol.o
    0x0800487c   0x0800487c   0x000000ac   Code   RO         3626    i.GimbalInitMode    gimbal_task.o
    0x08004928   0x08004928   0x00000042   Code   RO         3541    i.GimbalMotorChangeProtect  gimbal_function.o
    0x0800496a   0x0800496a   0x00000096   Code   RO         3542    i.GimbalMotorControl  gimbal_function.o
    0x08004a00   0x08004a00   0x00000008   Code   RO         2641    i.GimbalMotorPitch_Pointer  motor.o
    0x08004a08   0x08004a08   0x00000024   Code   RO         3627    i.GimbalMotorSendCurrent  gimbal_task.o
    0x08004a2c   0x08004a2c   0x00000008   Code   RO         2642    i.GimbalMotorYaw_Pointer  motor.o
    0x08004a34   0x08004a34   0x000000cc   Code   RO         3628    i.GimbalNormalMode  gimbal_task.o
    0x08004b00   0x08004b00   0x00000098   Code   RO         9123    i.GimbalOtherADDMode  gimbal_other_task.o
    0x08004b98   0x08004b98   0x00000344   Code   RO         9041    i.GimbalOtherAppConfig  gimbal_other_app.o
    0x08004edc   0x08004edc   0x000000c0   Code   RO         9124    i.GimbalOtherAssistMode  gimbal_other_task.o
    0x08004f9c   0x08004f9c   0x000000c8   Code   RO         9125    i.GimbalOtherBackMode  gimbal_other_task.o
    0x08005064   0x08005064   0x000000ac   Code   RO         9126    i.GimbalOtherCtrlModeSwitch  gimbal_other_task.o
    0x08005110   0x08005110   0x000000c0   Code   RO         9127    i.GimbalOtherGyroAngleMode  gimbal_other_task.o
    0x080051d0   0x080051d0   0x00000008   Code   RO         1850    i.GimbalOtherInfo_Pointer  user_protocol.o
    0x080051d8   0x080051d8   0x000000ac   Code   RO         9128    i.GimbalOtherInitMode  gimbal_other_task.o
    0x08005284   0x08005284   0x00000024   Code   RO         9129    i.GimbalOtherMotorSendCurrent  gimbal_other_task.o
    0x080052a8   0x080052a8   0x000000cc   Code   RO         9130    i.GimbalOtherNormalMode  gimbal_other_task.o
    0x08005374   0x08005374   0x000000b4   Code   RO         9131    i.GimbalOtherRelativeAngleMode  gimbal_other_task.o
    0x08005428   0x08005428   0x00000114   Code   RO         9132    i.GimbalOtherSensorUpdata  gimbal_other_task.o
    0x0800553c   0x0800553c   0x000000cc   Code   RO         9133    i.GimbalOtherTask   gimbal_other_task.o
    0x08005608   0x08005608   0x000000e0   Code   RO         9134    i.GimbalOtherTaskInit  gimbal_other_task.o
    0x080056e8   0x080056e8   0x00000100   Code   RO         9135    i.GimbalOtherVisionAimMode  gimbal_other_task.o
    0x080057e8   0x080057e8   0x000000b4   Code   RO         3629    i.GimbalRelativeAngleMode  gimbal_task.o
    0x0800589c   0x0800589c   0x00000114   Code   RO         3630    i.GimbalSensorUpdata  gimbal_task.o
    0x080059b0   0x080059b0   0x000002b8   Code   RO         3631    i.GimbalSentryMode  gimbal_task.o
    0x08005c68   0x08005c68   0x000001d4   Code   RO         9136    i.GimbalSentryMode  gimbal_other_task.o
    0x08005e3c   0x08005e3c   0x000000d0   Code   RO         3632    i.GimbalTask        gimbal_task.o
    0x08005f0c   0x08005f0c   0x00000190   Code   RO         3633    i.GimbalTaskInit    gimbal_task.o
    0x0800609c   0x0800609c   0x00000110   Code   RO         3634    i.GimbalVisionAimMode  gimbal_task.o
    0x080061ac   0x080061ac   0x00000060   Code   RO         3543    i.Gimbal_PID_Calc   gimbal_function.o
    0x0800620c   0x0800620c   0x00000014   Code   RO         3544    i.Gimbal_PID_Clear  gimbal_function.o
    0x08006220   0x08006220   0x00000024   Code   RO         4098    i.HAL_CAN_ActivateNotification  stm32f4xx_hal_can.o
    0x08006244   0x08006244   0x00000104   Code   RO         4099    i.HAL_CAN_AddTxMessage  stm32f4xx_hal_can.o
    0x08006348   0x08006348   0x00000128   Code   RO         4100    i.HAL_CAN_ConfigFilter  stm32f4xx_hal_can.o
    0x08006470   0x08006470   0x0000000c   Code   RO          825    i.HAL_CAN_ErrorCallback  bsp_can.o
    0x0800647c   0x0800647c   0x0000016c   Code   RO         4106    i.HAL_CAN_GetRxMessage  stm32f4xx_hal_can.o
    0x080065e8   0x080065e8   0x00000032   Code   RO         4108    i.HAL_CAN_GetTxMailboxesFreeLevel  stm32f4xx_hal_can.o
    0x0800661a   0x0800661a   0x00000234   Code   RO         4110    i.HAL_CAN_IRQHandler  stm32f4xx_hal_can.o
    0x0800684e   0x0800684e   0x00000168   Code   RO         4111    i.HAL_CAN_Init      stm32f4xx_hal_can.o
    0x080069b6   0x080069b6   0x00000002   PAD
    0x080069b8   0x080069b8   0x00000180   Code   RO          307    i.HAL_CAN_MspInit   can.o
    0x08006b38   0x08006b38   0x00000022   Code   RO         4117    i.HAL_CAN_ResetError  stm32f4xx_hal_can.o
    0x08006b5a   0x08006b5a   0x00000002   Code   RO         4118    i.HAL_CAN_RxFifo0FullCallback  stm32f4xx_hal_can.o
    0x08006b5c   0x08006b5c   0x00000050   Code   RO          826    i.HAL_CAN_RxFifo0MsgPendingCallback  bsp_can.o
    0x08006bac   0x08006bac   0x00000002   Code   RO         4120    i.HAL_CAN_RxFifo1FullCallback  stm32f4xx_hal_can.o
    0x08006bae   0x08006bae   0x00000002   PAD
    0x08006bb0   0x08006bb0   0x00000050   Code   RO          827    i.HAL_CAN_RxFifo1MsgPendingCallback  bsp_can.o
    0x08006c00   0x08006c00   0x00000002   Code   RO         4122    i.HAL_CAN_SleepCallback  stm32f4xx_hal_can.o
    0x08006c02   0x08006c02   0x00000064   Code   RO         4123    i.HAL_CAN_Start     stm32f4xx_hal_can.o
    0x08006c66   0x08006c66   0x00000002   Code   RO         4125    i.HAL_CAN_TxMailbox0AbortCallback  stm32f4xx_hal_can.o
    0x08006c68   0x08006c68   0x00000030   Code   RO          828    i.HAL_CAN_TxMailbox0CompleteCallback  bsp_can.o
    0x08006c98   0x08006c98   0x00000002   Code   RO         4127    i.HAL_CAN_TxMailbox1AbortCallback  stm32f4xx_hal_can.o
    0x08006c9a   0x08006c9a   0x00000002   PAD
    0x08006c9c   0x08006c9c   0x00000030   Code   RO          829    i.HAL_CAN_TxMailbox1CompleteCallback  bsp_can.o
    0x08006ccc   0x08006ccc   0x00000002   Code   RO         4129    i.HAL_CAN_TxMailbox2AbortCallback  stm32f4xx_hal_can.o
    0x08006cce   0x08006cce   0x00000002   PAD
    0x08006cd0   0x08006cd0   0x00000030   Code   RO          830    i.HAL_CAN_TxMailbox2CompleteCallback  bsp_can.o
    0x08006d00   0x08006d00   0x00000002   Code   RO         4132    i.HAL_CAN_WakeUpFromRxMsgCallback  stm32f4xx_hal_can.o
    0x08006d02   0x08006d02   0x000000a2   Code   RO         4838    i.HAL_DMA_Abort     stm32f4xx_hal_dma.o
    0x08006da4   0x08006da4   0x00000024   Code   RO         4839    i.HAL_DMA_Abort_IT  stm32f4xx_hal_dma.o
    0x08006dc8   0x08006dc8   0x000001ec   Code   RO         4843    i.HAL_DMA_IRQHandler  stm32f4xx_hal_dma.o
    0x08006fb4   0x08006fb4   0x000000ec   Code   RO         4844    i.HAL_DMA_Init      stm32f4xx_hal_dma.o
    0x080070a0   0x080070a0   0x00000070   Code   RO         4848    i.HAL_DMA_Start_IT  stm32f4xx_hal_dma.o
    0x08007110   0x08007110   0x00000028   Code   RO         5252    i.HAL_Delay         stm32f4xx_hal.o
    0x08007138   0x08007138   0x00000038   Code   RO         1043    i.HAL_GPIO_EXTI_Callback  bsp_gpio.o
    0x08007170   0x08007170   0x00000018   Code   RO         4730    i.HAL_GPIO_EXTI_IRQHandler  stm32f4xx_hal_gpio.o
    0x08007188   0x08007188   0x0000022c   Code   RO         4731    i.HAL_GPIO_Init     stm32f4xx_hal_gpio.o
    0x080073b4   0x080073b4   0x0000000e   Code   RO         4733    i.HAL_GPIO_ReadPin  stm32f4xx_hal_gpio.o
    0x080073c2   0x080073c2   0x0000000e   Code   RO         4735    i.HAL_GPIO_WritePin  stm32f4xx_hal_gpio.o
    0x080073d0   0x080073d0   0x0000000c   Code   RO         5258    i.HAL_GetTick       stm32f4xx_hal.o
    0x080073dc   0x080073dc   0x000001ac   Code   RO         5514    i.HAL_I2C_Init      stm32f4xx_hal_i2c.o
    0x08007588   0x08007588   0x000002c0   Code   RO         5532    i.HAL_I2C_Mem_Read  stm32f4xx_hal_i2c.o
    0x08007848   0x08007848   0x00000174   Code   RO         5535    i.HAL_I2C_Mem_Write  stm32f4xx_hal_i2c.o
    0x080079bc   0x080079bc   0x000000c8   Code   RO          380    i.HAL_I2C_MspInit   i2c.o
    0x08007a84   0x08007a84   0x00000010   Code   RO         5264    i.HAL_IncTick       stm32f4xx_hal.o
    0x08007a94   0x08007a94   0x00000034   Code   RO         5265    i.HAL_Init          stm32f4xx_hal.o
    0x08007ac8   0x08007ac8   0x000000b4   Code   RO          779    i.HAL_InitTick      stm32f4xx_hal_timebase_tim.o
    0x08007b7c   0x08007b7c   0x00000054   Code   RO          755    i.HAL_MspInit       stm32f4xx_hal_msp.o
    0x08007bd0   0x08007bd0   0x0000001c   Code   RO         5120    i.HAL_NVIC_EnableIRQ  stm32f4xx_hal_cortex.o
    0x08007bec   0x08007bec   0x00000068   Code   RO         5126    i.HAL_NVIC_SetPriority  stm32f4xx_hal_cortex.o
    0x08007c54   0x08007c54   0x00000024   Code   RO         5127    i.HAL_NVIC_SetPriorityGrouping  stm32f4xx_hal_cortex.o
    0x08007c78   0x08007c78   0x0000017c   Code   RO         4332    i.HAL_RCC_ClockConfig  stm32f4xx_hal_rcc.o
    0x08007df4   0x08007df4   0x0000003c   Code   RO         4336    i.HAL_RCC_GetClockConfig  stm32f4xx_hal_rcc.o
    0x08007e30   0x08007e30   0x0000000c   Code   RO         4337    i.HAL_RCC_GetHCLKFreq  stm32f4xx_hal_rcc.o
    0x08007e3c   0x08007e3c   0x00000020   Code   RO         4339    i.HAL_RCC_GetPCLK1Freq  stm32f4xx_hal_rcc.o
    0x08007e5c   0x08007e5c   0x00000020   Code   RO         4340    i.HAL_RCC_GetPCLK2Freq  stm32f4xx_hal_rcc.o
    0x08007e7c   0x08007e7c   0x00000070   Code   RO         4341    i.HAL_RCC_GetSysClockFreq  stm32f4xx_hal_rcc.o
    0x08007eec   0x08007eec   0x00000482   Code   RO         4344    i.HAL_RCC_OscConfig  stm32f4xx_hal_rcc.o
    0x0800836e   0x0800836e   0x000000be   Code   RO         6004    i.HAL_SPI_Init      stm32f4xx_hal_spi.o
    0x0800842c   0x0800842c   0x000000c4   Code   RO          422    i.HAL_SPI_MspInit   spi.o
    0x080084f0   0x080084f0   0x000001f8   Code   RO         6013    i.HAL_SPI_TransmitReceive  stm32f4xx_hal_spi.o
    0x080086e8   0x080086e8   0x00000002   Code   RO         7032    i.HAL_TIMEx_BreakCallback  stm32f4xx_hal_tim_ex.o
    0x080086ea   0x080086ea   0x00000002   Code   RO         7033    i.HAL_TIMEx_CommutCallback  stm32f4xx_hal_tim_ex.o
    0x080086ec   0x080086ec   0x00000066   Code   RO         7035    i.HAL_TIMEx_ConfigBreakDeadTime  stm32f4xx_hal_tim_ex.o
    0x08008752   0x08008752   0x0000009a   Code   RO         7051    i.HAL_TIMEx_MasterConfigSynchronization  stm32f4xx_hal_tim_ex.o
    0x080087ec   0x080087ec   0x0000005c   Code   RO         6317    i.HAL_TIM_Base_Init  stm32f4xx_hal_tim.o
    0x08008848   0x08008848   0x000000c0   Code   RO          464    i.HAL_TIM_Base_MspInit  tim.o
    0x08008908   0x08008908   0x0000008a   Code   RO         6322    i.HAL_TIM_Base_Start_IT  stm32f4xx_hal_tim.o
    0x08008992   0x08008992   0x000000ea   Code   RO         6326    i.HAL_TIM_ConfigClockSource  stm32f4xx_hal_tim.o
    0x08008a7c   0x08008a7c   0x00000002   Code   RO         6351    i.HAL_TIM_IC_CaptureCallback  stm32f4xx_hal_tim.o
    0x08008a7e   0x08008a7e   0x00000174   Code   RO         6365    i.HAL_TIM_IRQHandler  stm32f4xx_hal_tim.o
    0x08008bf2   0x08008bf2   0x00000002   PAD
    0x08008bf4   0x08008bf4   0x00000194   Code   RO          465    i.HAL_TIM_MspPostInit  tim.o
    0x08008d88   0x08008d88   0x00000002   Code   RO         6368    i.HAL_TIM_OC_DelayElapsedCallback  stm32f4xx_hal_tim.o
    0x08008d8a   0x08008d8a   0x000000d8   Code   RO         6389    i.HAL_TIM_PWM_ConfigChannel  stm32f4xx_hal_tim.o
    0x08008e62   0x08008e62   0x0000005c   Code   RO         6392    i.HAL_TIM_PWM_Init  stm32f4xx_hal_tim.o
    0x08008ebe   0x08008ebe   0x00000002   PAD
    0x08008ec0   0x08008ec0   0x00000034   Code   RO          467    i.HAL_TIM_PWM_MspInit  tim.o
    0x08008ef4   0x08008ef4   0x00000002   Code   RO         6395    i.HAL_TIM_PWM_PulseFinishedCallback  stm32f4xx_hal_tim.o
    0x08008ef6   0x08008ef6   0x00000002   PAD
    0x08008ef8   0x08008ef8   0x000000dc   Code   RO         6397    i.HAL_TIM_PWM_Start  stm32f4xx_hal_tim.o
    0x08008fd4   0x08008fd4   0x00000018   Code   RO           14    i.HAL_TIM_PeriodElapsedCallback  main.o
    0x08008fec   0x08008fec   0x00000002   Code   RO         6408    i.HAL_TIM_TriggerCallback  stm32f4xx_hal_tim.o
    0x08008fee   0x08008fee   0x00000002   Code   RO         7310    i.HAL_UARTEx_RxEventCallback  stm32f4xx_hal_uart.o
    0x08008ff0   0x08008ff0   0x00000002   Code   RO         7324    i.HAL_UART_ErrorCallback  stm32f4xx_hal_uart.o
    0x08008ff2   0x08008ff2   0x00000002   PAD
    0x08008ff4   0x08008ff4   0x00000260   Code   RO         7327    i.HAL_UART_IRQHandler  stm32f4xx_hal_uart.o
    0x08009254   0x08009254   0x00000064   Code   RO         7328    i.HAL_UART_Init     stm32f4xx_hal_uart.o
    0x080092b8   0x080092b8   0x00000350   Code   RO          548    i.HAL_UART_MspInit  usart.o
    0x08009608   0x08009608   0x0000002e   Code   RO         7332    i.HAL_UART_Receive_DMA  stm32f4xx_hal_uart.o
    0x08009636   0x08009636   0x00000002   PAD
    0x08009638   0x08009638   0x0000003c   Code   RO         1225    i.HAL_UART_RxCpltCallback  bsp_uart.o
    0x08009674   0x08009674   0x00000002   Code   RO         7335    i.HAL_UART_RxHalfCpltCallback  stm32f4xx_hal_uart.o
    0x08009676   0x08009676   0x00000002   PAD
    0x08009678   0x08009678   0x000000a0   Code   RO         7337    i.HAL_UART_Transmit_DMA  stm32f4xx_hal_uart.o
    0x08009718   0x08009718   0x0000003c   Code   RO         1226    i.HAL_UART_TxCpltCallback  bsp_uart.o
    0x08009754   0x08009754   0x00000002   Code   RO         7340    i.HAL_UART_TxHalfCpltCallback  stm32f4xx_hal_uart.o
    0x08009756   0x08009756   0x00000004   Code   RO          615    i.HardFault_Handler  stm32f4xx_it.o
    0x0800975a   0x0800975a   0x00000032   Code   RO         5557    i.I2C_IsAcknowledgeFailed  stm32f4xx_hal_i2c.o
    0x0800978c   0x0800978c   0x00000154   Code   RO         5568    i.I2C_RequestMemoryRead  stm32f4xx_hal_i2c.o
    0x080098e0   0x080098e0   0x000000d0   Code   RO         5569    i.I2C_RequestMemoryWrite  stm32f4xx_hal_i2c.o
    0x080099b0   0x080099b0   0x0000005c   Code   RO         5577    i.I2C_WaitOnBTFFlagUntilTimeout  stm32f4xx_hal_i2c.o
    0x08009a0c   0x08009a0c   0x000000b4   Code   RO         5578    i.I2C_WaitOnFlagUntilTimeout  stm32f4xx_hal_i2c.o
    0x08009ac0   0x08009ac0   0x000000ce   Code   RO         5579    i.I2C_WaitOnMasterAddressFlagUntilTimeout  stm32f4xx_hal_i2c.o
    0x08009b8e   0x08009b8e   0x0000007c   Code   RO         5580    i.I2C_WaitOnRXNEFlagUntilTimeout  stm32f4xx_hal_i2c.o
    0x08009c0a   0x08009c0a   0x0000005c   Code   RO         5583    i.I2C_WaitOnTXEFlagUntilTimeout  stm32f4xx_hal_i2c.o
    0x08009c66   0x08009c66   0x00000002   PAD
    0x08009c68   0x08009c68   0x000000ec   Code   RO         2405    i.IMU_Accel_LowPassFilter  imu_driver.o
    0x08009d54   0x08009d54   0x0000012c   Code   RO         2406    i.IMU_CaliSlove     imu_driver.o
    0x08009e80   0x08009e80   0x00000008   Code   RO         2408    i.IMU_GetDataPointer  imu_driver.o
    0x08009e88   0x08009e88   0x00000104   Code   RO         2410    i.IMU_Init          imu_driver.o
    0x08009f8c   0x08009f8c   0x00000044   Code   RO         3240    i.IMU_Task          imu_task.o
    0x08009fd0   0x08009fd0   0x0000006c   Code   RO         3241    i.IMU_TaskInit      imu_task.o
    0x0800a03c   0x0800a03c   0x000000ac   Code   RO         3242    i.IMU_TempControl   imu_task.o
    0x0800a0e8   0x0800a0e8   0x000000b8   Code   RO         2412    i.IMU_Update        imu_driver.o
    0x0800a1a0   0x0800a1a0   0x00000040   Code   RO         1596    i.KalmanCreate      kalman.o
    0x0800a1e0   0x0800a1e0   0x0000093c   Code   RO         3286    i.Keyboard_Operation  infantry_console.o
    0x0800ab1c   0x0800ab1c   0x00000048   Code   RO          308    i.MX_CAN1_Init      can.o
    0x0800ab64   0x0800ab64   0x00000048   Code   RO          309    i.MX_CAN2_Init      can.o
    0x0800abac   0x0800abac   0x00000098   Code   RO          355    i.MX_DMA_Init       dma.o
    0x0800ac44   0x0800ac44   0x00000028   Code   RO          256    i.MX_FREERTOS_Init  freertos.o
    0x0800ac6c   0x0800ac6c   0x0000020c   Code   RO          232    i.MX_GPIO_Init      gpio.o
    0x0800ae78   0x0800ae78   0x0000003c   Code   RO          381    i.MX_I2C3_Init      i2c.o
    0x0800aeb4   0x0800aeb4   0x00000048   Code   RO          423    i.MX_SPI1_Init      spi.o
    0x0800aefc   0x0800aefc   0x0000006c   Code   RO          468    i.MX_TIM10_Init     tim.o
    0x0800af68   0x0800af68   0x000000d8   Code   RO          469    i.MX_TIM1_Init      tim.o
    0x0800b040   0x0800b040   0x000000a4   Code   RO          470    i.MX_TIM3_Init      tim.o
    0x0800b0e4   0x0800b0e4   0x0000007c   Code   RO          471    i.MX_TIM4_Init      tim.o
    0x0800b160   0x0800b160   0x000000c4   Code   RO          472    i.MX_TIM5_Init      tim.o
    0x0800b224   0x0800b224   0x00000038   Code   RO          549    i.MX_USART1_UART_Init  usart.o
    0x0800b25c   0x0800b25c   0x0000003c   Code   RO          550    i.MX_USART3_UART_Init  usart.o
    0x0800b298   0x0800b298   0x00000038   Code   RO          551    i.MX_USART6_UART_Init  usart.o
    0x0800b2d0   0x0800b2d0   0x00000008   Code   RO         2643    i.MagazineMotor_Pointer  motor.o
    0x0800b2d8   0x0800b2d8   0x00000390   Code   RO         3932    i.Mecanum_Calculate  chassis_function.o
    0x0800b668   0x0800b668   0x00000004   Code   RO          616    i.MemManage_Handler  stm32f4xx_it.o
    0x0800b66c   0x0800b66c   0x0000002c   Code   RO         2644    i.Motor_DataParse   motor.o
    0x0800b698   0x0800b698   0x000000a0   Code   RO         2645    i.Motor_EncoderData  motor.o
    0x0800b738   0x0800b738   0x00000010   Code   RO         2646    i.Motor_EncoderOffset  motor.o
    0x0800b748   0x0800b748   0x0000003a   Code   RO         2648    i.Motor_RelativePosition  motor.o
    0x0800b782   0x0800b782   0x00000056   Code   RO         2649    i.Motor_SendMessage  motor.o
    0x0800b7d8   0x0800b7d8   0x00000004   Code   RO          617    i.NMI_Handler       stm32f4xx_it.o
    0x0800b7dc   0x0800b7dc   0x0000003c   Code   RO         3181    i.OfflineHandle_Init  detect_task.o
    0x0800b818   0x0800b818   0x00000018   Code   RO         3182    i.OfflineHandle_TimeUpdate  detect_task.o
    0x0800b830   0x0800b830   0x000003f8   Code   RO         3287    i.Other_RemoteControl_Operation  infantry_console.o
    0x0800bc28   0x0800bc28   0x00000170   Code   RO         2735    i.RC_DataParser     remote_control.o
    0x0800bd98   0x0800bd98   0x00000008   Code   RO         2736    i.RC_GetDataPointer  remote_control.o
    0x0800bda0   0x0800bda0   0x00000012   Code   RO         2737    i.RC_SwitchAction   remote_control.o
    0x0800bdb2   0x0800bdb2   0x00000002   PAD
    0x0800bdb4   0x0800bdb4   0x00000008   Code   RO         1796    i.RefereeSystem_Game_State_Pointer  referee_system.o
    0x0800bdbc   0x0800bdbc   0x0000000c   Code   RO         1797    i.RefereeSystem_GetRobotID  referee_system.o
    0x0800bdc8   0x0800bdc8   0x00000140   Code   RO         1798    i.RefereeSystem_ParseHandler  referee_system.o
    0x0800bf08   0x0800bf08   0x00000008   Code   RO         1799    i.RefereeSystem_PowerHeatData_Pointer  referee_system.o
    0x0800bf10   0x0800bf10   0x00000008   Code   RO         1800    i.RefereeSystem_RobotState_Pointer  referee_system.o
    0x0800bf18   0x0800bf18   0x00000008   Code   RO         1801    i.RefereeSystem_SpeedData_Pointer  referee_system.o
    0x0800bf20   0x0800bf20   0x00000068   Code   RO         3288    i.RemoteControlWheelAction  infantry_console.o
    0x0800bf88   0x0800bf88   0x0000035c   Code   RO         3289    i.RemoteControl_Operation  infantry_console.o
    0x0800c2e4   0x0800c2e4   0x00000008   Code   RO         2102    i.RobotInfo_Pointer  vision_protocol.o
    0x0800c2ec   0x0800c2ec   0x00000064   Code   RO         6042    i.SPI_EndRxTxTransaction  stm32f4xx_hal_spi.o
    0x0800c350   0x0800c350   0x000000d8   Code   RO         6047    i.SPI_WaitFlagStateUntilTimeout  stm32f4xx_hal_spi.o
    0x0800c428   0x0800c428   0x00000034   Code   RO         3752    i.ShootCtrlModeSwitch  shoot_task.o
    0x0800c45c   0x0800c45c   0x00000028   Code   RO         3753    i.ShootMotorSendCurrent  shoot_task.o
    0x0800c484   0x0800c484   0x00000034   Code   RO         9247    i.ShootOtherCtrlModeSwitch  shoot_other_task.o
    0x0800c4b8   0x0800c4b8   0x00000028   Code   RO         9248    i.ShootOtherMotorSendCurrent  shoot_other_task.o
    0x0800c4e0   0x0800c4e0   0x000001d4   Code   RO         9249    i.ShootOtherSensorUpdata  shoot_other_task.o
    0x0800c6b4   0x0800c6b4   0x00000094   Code   RO         9250    i.ShootOtherTask    shoot_other_task.o
    0x0800c748   0x0800c748   0x000001b0   Code   RO         9251    i.ShootOtherTaskInit  shoot_other_task.o
    0x0800c8f8   0x0800c8f8   0x000001d4   Code   RO         3754    i.ShootSensorUpdata  shoot_task.o
    0x0800cacc   0x0800cacc   0x0000009c   Code   RO         3755    i.ShootTask         shoot_task.o
    0x0800cb68   0x0800cb68   0x000001b0   Code   RO         3756    i.ShootTaskInit     shoot_task.o
    0x0800cd18   0x0800cd18   0x000000dc   Code   RO         3757    i.Shoot_FrictionWheelMotorCtrl  shoot_task.o
    0x0800cdf4   0x0800cdf4   0x00000024   Code   RO         3759    i.Shoot_LaserCtrl   shoot_task.o
    0x0800ce18   0x0800ce18   0x000000dc   Code   RO         9253    i.Shoot_Other_FrictionWheelMotorCtrl  shoot_other_task.o
    0x0800cef4   0x0800cef4   0x00000024   Code   RO         9254    i.Shoot_Other_LaserCtrl  shoot_other_task.o
    0x0800cf18   0x0800cf18   0x0000026c   Code   RO         9255    i.Shoot_Other_TriggerMotorCtrl  shoot_other_task.o
    0x0800d184   0x0800d184   0x0000027c   Code   RO         3760    i.Shoot_TriggerMotorCtrl  shoot_task.o
    0x0800d400   0x0800d400   0x00000054   Code   RO         3404    i.SoftwareTimerRegister  timer_task.o
    0x0800d454   0x0800d454   0x00000080   Code   RO         3405    i.SoftwareTimerTask  timer_task.o
    0x0800d4d4   0x0800d4d4   0x0000002c   Code   RO         3406    i.SoftwareTimerTaskInit  timer_task.o
    0x0800d500   0x0800d500   0x0000012a   Code   RO         3038    i.StartMusic        app_init.o
    0x0800d62a   0x0800d62a   0x00000002   PAD
    0x0800d62c   0x0800d62c   0x0000001c   Code   RO         3378    i.StartTask         start_task.o
    0x0800d648   0x0800d648   0x0000018c   Code   RO         3994    i.SuperCap_SendMessage  chassis_task.o
    0x0800d7d4   0x0800d7d4   0x0000002c   Code   RO         8954    i.SysTick_Handler   port.o
    0x0800d800   0x0800d800   0x000000b4   Code   RO           15    i.SystemClock_Config  main.o
    0x0800d8b4   0x0800d8b4   0x0000001c   Code   RO         7667    i.SystemInit        system_stm32f4xx.o
    0x0800d8d0   0x0800d8d0   0x00000010   Code   RO          618    i.TIM6_DAC_IRQHandler  stm32f4xx_it.o
    0x0800d8e0   0x0800d8e0   0x000000cc   Code   RO         6410    i.TIM_Base_SetConfig  stm32f4xx_hal_tim.o
    0x0800d9ac   0x0800d9ac   0x0000001e   Code   RO         6411    i.TIM_CCxChannelCmd  stm32f4xx_hal_tim.o
    0x0800d9ca   0x0800d9ca   0x00000016   Code   RO         6421    i.TIM_ETR_SetConfig  stm32f4xx_hal_tim.o
    0x0800d9e0   0x0800d9e0   0x00000010   Code   RO         6422    i.TIM_ITRx_SetConfig  stm32f4xx_hal_tim.o
    0x0800d9f0   0x0800d9f0   0x00000070   Code   RO         6423    i.TIM_OC1_SetConfig  stm32f4xx_hal_tim.o
    0x0800da60   0x0800da60   0x00000078   Code   RO         6424    i.TIM_OC2_SetConfig  stm32f4xx_hal_tim.o
    0x0800dad8   0x0800dad8   0x00000078   Code   RO         6425    i.TIM_OC3_SetConfig  stm32f4xx_hal_tim.o
    0x0800db50   0x0800db50   0x00000058   Code   RO         6426    i.TIM_OC4_SetConfig  stm32f4xx_hal_tim.o
    0x0800dba8   0x0800dba8   0x00000026   Code   RO         6428    i.TIM_TI1_ConfigInputStage  stm32f4xx_hal_tim.o
    0x0800dbce   0x0800dbce   0x00000024   Code   RO         6430    i.TIM_TI2_ConfigInputStage  stm32f4xx_hal_tim.o
    0x0800dbf2   0x0800dbf2   0x00000002   PAD
    0x0800dbf4   0x0800dbf4   0x00000038   Code   RO         2799    i.TimerISR_Hook     soft_timer.o
    0x0800dc2c   0x0800dc2c   0x00000048   Code   RO         3834    i.Transmit_RefereeData  chassis_app.o
    0x0800dc74   0x0800dc74   0x00000008   Code   RO         2650    i.TriggerMotor_Pointer  motor.o
    0x0800dc7c   0x0800dc7c   0x00000010   Code   RO         7341    i.UART_DMAAbortOnError  stm32f4xx_hal_uart.o
    0x0800dc8c   0x0800dc8c   0x0000004a   Code   RO         7342    i.UART_DMAError     stm32f4xx_hal_uart.o
    0x0800dcd6   0x0800dcd6   0x00000084   Code   RO         7343    i.UART_DMAReceiveCplt  stm32f4xx_hal_uart.o
    0x0800dd5a   0x0800dd5a   0x0000001a   Code   RO         7345    i.UART_DMARxHalfCplt  stm32f4xx_hal_uart.o
    0x0800dd74   0x0800dd74   0x00000044   Code   RO         7347    i.UART_DMATransmitCplt  stm32f4xx_hal_uart.o
    0x0800ddb8   0x0800ddb8   0x0000000a   Code   RO         7349    i.UART_DMATxHalfCplt  stm32f4xx_hal_uart.o
    0x0800ddc2   0x0800ddc2   0x0000004e   Code   RO         7351    i.UART_EndRxTransfer  stm32f4xx_hal_uart.o
    0x0800de10   0x0800de10   0x0000001a   Code   RO         7352    i.UART_EndTransmit_IT  stm32f4xx_hal_uart.o
    0x0800de2a   0x0800de2a   0x0000001c   Code   RO         7353    i.UART_EndTxTransfer  stm32f4xx_hal_uart.o
    0x0800de46   0x0800de46   0x000000c8   Code   RO         7354    i.UART_Receive_IT   stm32f4xx_hal_uart.o
    0x0800df0e   0x0800df0e   0x00000002   PAD
    0x0800df10   0x0800df10   0x000000fc   Code   RO         7355    i.UART_SetConfig    stm32f4xx_hal_uart.o
    0x0800e00c   0x0800e00c   0x00000098   Code   RO         7356    i.UART_Start_Receive_DMA  stm32f4xx_hal_uart.o
    0x0800e0a4   0x0800e0a4   0x0000004c   Code   RO         1227    i.UART_TransmitHandler  bsp_uart.o
    0x0800e0f0   0x0800e0f0   0x0000005e   Code   RO         7358    i.UART_Transmit_IT  stm32f4xx_hal_uart.o
    0x0800e14e   0x0800e14e   0x00000002   PAD
    0x0800e150   0x0800e150   0x00000014   Code   RO          619    i.USART1_IRQHandler  stm32f4xx_it.o
    0x0800e164   0x0800e164   0x00000014   Code   RO          620    i.USART3_IRQHandler  stm32f4xx_it.o
    0x0800e178   0x0800e178   0x00000014   Code   RO          621    i.USART6_IRQHandler  stm32f4xx_it.o
    0x0800e18c   0x0800e18c   0x0000002c   Code   RO         1668    i.UnpackDataSolve   comm_protocol.o
    0x0800e1b8   0x0800e1b8   0x00000004   Code   RO          622    i.UsageFault_Handler  stm32f4xx_it.o
    0x0800e1bc   0x0800e1bc   0x00000078   Code   RO         1851    i.UserProtocol_ParseHandler  user_protocol.o
    0x0800e234   0x0800e234   0x0000011c   Code   RO         3635    i.VisionDataUpdate  gimbal_task.o
    0x0800e350   0x0800e350   0x0000011c   Code   RO         9137    i.VisionDataUpdate  gimbal_other_task.o
    0x0800e46c   0x0800e46c   0x00000008   Code   RO         3636    i.VisionData_Pointer  gimbal_task.o
    0x0800e474   0x0800e474   0x00000008   Code   RO         2103    i.VisionInfo_Pointer  vision_protocol.o
    0x0800e47c   0x0800e47c   0x00000008   Code   RO         9138    i.VisionOtherData_Pointer  gimbal_other_task.o
    0x0800e484   0x0800e484   0x0000007c   Code   RO         2104    i.VisionProtocol_ParseHandler  vision_protocol.o
    0x0800e500   0x0800e500   0x000000b4   Code   RO         3446    i.Vision_RobotInfoUploadCallback  gimbal_app.o
    0x0800e5b4   0x0800e5b4   0x000000b4   Code   RO         9042    i.Vision_RobotInfoUploadCallback  gimbal_other_app.o
    0x0800e668   0x0800e668   0x00000018   Code   RO         3447    i.Vision_UploadDataHook  gimbal_app.o
    0x0800e680   0x0800e680   0x00000018   Code   RO         9043    i.Vision_UploadDataHook  gimbal_other_app.o
    0x0800e698   0x0800e698   0x00000026   Code   RO         9842    i.__ARM_fpclassifyf  m_wm.l(fpclassifyf.o)
    0x0800e6be   0x0800e6be   0x00000002   PAD
    0x0800e6c0   0x0800e6c0   0x0000012c   Code   RO         9721    i.__hardfp_asinf    m_wm.l(asinf.o)
    0x0800e7ec   0x0800e7ec   0x000002ac   Code   RO         9733    i.__hardfp_atan2f   m_wm.l(atan2f.o)
    0x0800ea98   0x0800ea98   0x00000014   Code   RO         9745    i.__hardfp_fabs     m_wm.l(fabs.o)
    0x0800eaac   0x0800eaac   0x0000003a   Code   RO         9777    i.__hardfp_sqrtf    m_wm.l(sqrtf_full.o)
    0x0800eae6   0x0800eae6   0x00000006   Code   RO         9845    i.__mathlib_flt_infnan  m_wm.l(funder.o)
    0x0800eaec   0x0800eaec   0x00000006   Code   RO         9846    i.__mathlib_flt_infnan2  m_wm.l(funder.o)
    0x0800eaf2   0x0800eaf2   0x00000002   PAD
    0x0800eaf4   0x0800eaf4   0x00000010   Code   RO         9847    i.__mathlib_flt_invalid  m_wm.l(funder.o)
    0x0800eb04   0x0800eb04   0x00000010   Code   RO         9850    i.__mathlib_flt_underflow  m_wm.l(funder.o)
    0x0800eb14   0x0800eb14   0x0000000e   Code   RO         9920    i.__scatterload_copy  mc_w.l(handlers.o)
    0x0800eb22   0x0800eb22   0x00000002   Code   RO         9921    i.__scatterload_null  mc_w.l(handlers.o)
    0x0800eb24   0x0800eb24   0x0000000e   Code   RO         9922    i.__scatterload_zeroinit  mc_w.l(handlers.o)
    0x0800eb32   0x0800eb32   0x00000002   PAD
    0x0800eb34   0x0800eb34   0x0000000c   Code   RO         9900    i.__set_errno       mc_w.l(errno.o)
    0x0800eb40   0x0800eb40   0x00000074   Code   RO         2771    i.aRGB_led_show     rgb_led.o
    0x0800ebb4   0x0800ebb4   0x0000002e   Code   RO         1423    i.abs_limit         pid.o
    0x0800ebe2   0x0800ebe2   0x00000002   PAD
    0x0800ebe4   0x0800ebe4   0x000001d0   Code   RO         9322    i.accel_comple_filter  AHRS.lib(ahrs.o)
    0x0800edb4   0x0800edb4   0x0000018c   Code   RO         9323    i.accel_update_kp_ki  AHRS.lib(ahrs.o)
    0x0800ef40   0x0800ef40   0x0000016c   Code   RO         9324    i.angle_to_quat     AHRS.lib(ahrs.o)
    0x0800f0ac   0x0800f0ac   0x0000002c   Code   RO         1747    i.append_crc16_check_sum  crc.o
    0x0800f0d8   0x0800f0d8   0x00000026   Code   RO         1748    i.append_crc8_check_sum  crc.o
    0x0800f0fe   0x0800f0fe   0x00000002   PAD
    0x0800f100   0x0800f100   0x00000134   Code   RO         2206    i.bmi088_accel_init  bmi088driver.o
    0x0800f234   0x0800f234   0x000002fc   Code   RO         2207    i.bmi088_accel_self_test  bmi088driver.o
    0x0800f530   0x0800f530   0x000000f4   Code   RO         2208    i.bmi088_gyro_init  bmi088driver.o
    0x0800f624   0x0800f624   0x000000d0   Code   RO         2209    i.bmi088_gyro_self_test  bmi088driver.o
    0x0800f6f4   0x0800f6f4   0x0000003e   Code   RO         2862    i.fifo_get_noprotect  fifo.o
    0x0800f732   0x0800f732   0x0000001c   Code   RO         2863    i.fifo_init         fifo.o
    0x0800f74e   0x0800f74e   0x0000000e   Code   RO         2864    i.fifo_is_empty     fifo.o
    0x0800f75c   0x0800f75c   0x0000000e   Code   RO         2865    i.fifo_is_full      fifo.o
    0x0800f76a   0x0800f76a   0x0000003e   Code   RO         2868    i.fifo_put_noprotect  fifo.o
    0x0800f7a8   0x0800f7a8   0x00000006   Code   RO         2871    i.fifo_s_free       fifo.o
    0x0800f7ae   0x0800f7ae   0x0000004c   Code   RO         2872    i.fifo_s_get        fifo.o
    0x0800f7fa   0x0800f7fa   0x000000a0   Code   RO         2873    i.fifo_s_gets       fifo.o
    0x0800f89a   0x0800f89a   0x00000016   Code   RO         2875    i.fifo_s_init       fifo.o
    0x0800f8b0   0x0800f8b0   0x000000a6   Code   RO         2881    i.fifo_s_puts       fifo.o
    0x0800f956   0x0800f956   0x00000006   Code   RO         2883    i.fifo_s_used       fifo.o
    0x0800f95c   0x0800f95c   0x000000a8   Code   RO         3995    i.fuck_run          chassis_task.o
    0x0800fa04   0x0800fa04   0x0000001e   Code   RO         3835    i.fuck_run_init     chassis_app.o
    0x0800fa22   0x0800fa22   0x000000e8   Code   RO         9325    i.get_angle         AHRS.lib(ahrs.o)
    0x0800fb0a   0x0800fb0a   0x00000002   PAD
    0x0800fb0c   0x0800fb0c   0x00000034   Code   RO         1749    i.get_crc16_check_sum  crc.o
    0x0800fb40   0x0800fb40   0x00000024   Code   RO         1750    i.get_crc8_check_sum  crc.o
    0x0800fb64   0x0800fb64   0x00000010   Code   RO         8517    i.inHandlerMode     cmsis_os.o
    0x0800fb74   0x0800fb74   0x00000002   Code   RO         2521    i.ist8310_GPIO_init  ist8310driver_middleware.o
    0x0800fb76   0x0800fb76   0x00000002   PAD
    0x0800fb78   0x0800fb78   0x00000028   Code   RO         2523    i.ist8310_IIC_read_single_reg  ist8310driver_middleware.o
    0x0800fba0   0x0800fba0   0x00000028   Code   RO         2525    i.ist8310_IIC_write_single_reg  ist8310driver_middleware.o
    0x0800fbc8   0x0800fbc8   0x00000014   Code   RO         2526    i.ist8310_RST_H     ist8310driver_middleware.o
    0x0800fbdc   0x0800fbdc   0x00000014   Code   RO         2527    i.ist8310_RST_L     ist8310driver_middleware.o
    0x0800fbf0   0x0800fbf0   0x00000002   Code   RO         2528    i.ist8310_com_init  ist8310driver_middleware.o
    0x0800fbf2   0x0800fbf2   0x0000000c   Code   RO         2529    i.ist8310_delay_ms  ist8310driver_middleware.o
    0x0800fbfe   0x0800fbfe   0x00000002   PAD
    0x0800fc00   0x0800fc00   0x00000094   Code   RO         2480    i.ist8310_init      ist8310driver.o
    0x0800fc94   0x0800fc94   0x000000e0   Code   RO         1621    i.kalman_filter_init  kalman_filter.o
    0x0800fd74   0x0800fd74   0x0000000e   Code   RO         1669    i.list_add          comm_protocol.o
    0x0800fd82   0x0800fd82   0x0000004c   Code   RO           16    i.main              main.o
    0x0800fdce   0x0800fdce   0x0000000c   Code   RO         8519    i.makeFreeRtosPriority  cmsis_os.o
    0x0800fdda   0x0800fdda   0x00000010   Code   RO         8521    i.osDelay           cmsis_os.o
    0x0800fdea   0x0800fdea   0x00000010   Code   RO         8522    i.osDelayUntil      cmsis_os.o
    0x0800fdfa   0x0800fdfa   0x0000000a   Code   RO         8524    i.osKernelStart     cmsis_os.o
    0x0800fe04   0x0800fe04   0x00000018   Code   RO         8525    i.osKernelSysTick   cmsis_os.o
    0x0800fe1c   0x0800fe1c   0x0000005c   Code   RO         8558    i.osThreadCreate    cmsis_os.o
    0x0800fe78   0x0800fe78   0x000001f0   Code   RO         1424    i.pid_calc          pid.o
    0x08010068   0x08010068   0x0000003c   Code   RO         1425    i.pid_clear         pid.o
    0x080100a4   0x080100a4   0x00000052   Code   RO         1426    i.pid_init          pid.o
    0x080100f6   0x080100f6   0x00000002   PAD
    0x080100f8   0x080100f8   0x000001b4   Code   RO         3637    i.pid_paramSA       gimbal_task.o
    0x080102ac   0x080102ac   0x000001b4   Code   RO         9139    i.pid_paramSA       gimbal_other_task.o
    0x08010460   0x08010460   0x00000018   Code   RO         1427    i.pid_param_init    pid.o
    0x08010478   0x08010478   0x00000034   Code   RO         1428    i.pid_reset         pid.o
    0x080104ac   0x080104ac   0x00000078   Code   RO         8173    i.prvAddCurrentTaskToDelayedList  tasks.o
    0x08010524   0x08010524   0x00000088   Code   RO         8174    i.prvAddNewTaskToReadyList  tasks.o
    0x080105ac   0x080105ac   0x00000040   Code   RO         8175    i.prvCheckTasksWaitingTermination  tasks.o
    0x080105ec   0x080105ec   0x00000040   Code   RO         8176    i.prvDeleteTCB      tasks.o
    0x0801062c   0x0801062c   0x00000050   Code   RO         8886    i.prvHeapInit       heap_4.o
    0x0801067c   0x0801067c   0x00000028   Code   RO         8177    i.prvIdleTask       tasks.o
    0x080106a4   0x080106a4   0x00000094   Code   RO         8178    i.prvInitialiseNewTask  tasks.o
    0x08010738   0x08010738   0x00000060   Code   RO         8179    i.prvInitialiseTaskLists  tasks.o
    0x08010798   0x08010798   0x0000005c   Code   RO         8887    i.prvInsertBlockIntoFreeList  heap_4.o
    0x080107f4   0x080107f4   0x00000024   Code   RO         8180    i.prvResetNextTaskUnblockTime  tasks.o
    0x08010818   0x08010818   0x00000018   Code   RO         8181    i.prvTaskCheckFreeStackSpace  tasks.o
    0x08010830   0x08010830   0x00000030   Code   RO         8955    i.prvTaskExitError  port.o
    0x08010860   0x08010860   0x000000e8   Code   RO         8888    i.pvPortMalloc      heap_4.o
    0x08010948   0x08010948   0x0000002c   Code   RO         8956    i.pxPortInitialiseStack  port.o
    0x08010974   0x08010974   0x00000084   Code   RO         9330    i.quat_normalization  AHRS.lib(ahrs.o)
    0x080109f8   0x080109f8   0x00000040   Code   RO         1470    i.ramp_v0_calculate  ramp.o
    0x08010a38   0x08010a38   0x00000008   Code   RO         1471    i.ramp_v0_init      ramp.o
    0x08010a40   0x08010a40   0x00000048   Code   RO         2800    i.soft_timer_check  soft_timer.o
    0x08010a88   0x08010a88   0x00000024   Code   RO         2802    i.soft_timer_init   soft_timer.o
    0x08010aac   0x08010aac   0x00000050   Code   RO         2803    i.soft_timer_req    soft_timer.o
    0x08010afc   0x08010afc   0x00000050   Code   RO         2804    i.soft_timer_update  soft_timer.o
    0x08010b4c   0x08010b4c   0x0000003e   Code   RO         9779    i.sqrtf             m_wm.l(sqrtf_full.o)
    0x08010b8a   0x08010b8a   0x0000007a   Code   RO         9331    i.update_w          AHRS.lib(ahrs.o)
    0x08010c04   0x08010c04   0x00000026   Code   RO         7805    i.uxListRemove      list.o
    0x08010c2a   0x08010c2a   0x00000002   PAD
    0x08010c2c   0x08010c2c   0x00000014   Code   RO         8187    i.uxTaskGetStackHighWaterMark  tasks.o
    0x08010c40   0x08010c40   0x00000018   Code   RO          258    i.vApplicationGetIdleTaskMemory  freertos.o
    0x08010c58   0x08010c58   0x00000016   Code   RO         7806    i.vListInitialise   list.o
    0x08010c6e   0x08010c6e   0x00000006   Code   RO         7807    i.vListInitialiseItem  list.o
    0x08010c74   0x08010c74   0x00000036   Code   RO         7808    i.vListInsert       list.o
    0x08010caa   0x08010caa   0x00000018   Code   RO         7809    i.vListInsertEnd    list.o
    0x08010cc2   0x08010cc2   0x00000002   PAD
    0x08010cc4   0x08010cc4   0x00000040   Code   RO         8958    i.vPortEnterCritical  port.o
    0x08010d04   0x08010d04   0x0000002c   Code   RO         8959    i.vPortExitCritical  port.o
    0x08010d30   0x08010d30   0x00000064   Code   RO         8889    i.vPortFree         heap_4.o
    0x08010d94   0x08010d94   0x00000024   Code   RO         8960    i.vPortSetupTimerInterrupt  port.o
    0x08010db8   0x08010db8   0x00000054   Code   RO         8961    i.vPortValidateInterruptPriority  port.o
    0x08010e0c   0x08010e0c   0x00000050   Code   RO         8191    i.vTaskDelay        tasks.o
    0x08010e5c   0x08010e5c   0x0000009c   Code   RO         8192    i.vTaskDelayUntil   tasks.o
    0x08010ef8   0x08010ef8   0x00000088   Code   RO         8205    i.vTaskStartScheduler  tasks.o
    0x08010f80   0x08010f80   0x00000010   Code   RO         8207    i.vTaskSuspendAll   tasks.o
    0x08010f90   0x08010f90   0x00000060   Code   RO         8208    i.vTaskSwitchContext  tasks.o
    0x08010ff0   0x08010ff0   0x0000003c   Code   RO         1751    i.verify_crc16_check_sum  crc.o
    0x0801102c   0x0801102c   0x00000030   Code   RO         1752    i.verify_crc8_check_sum  crc.o
    0x0801105c   0x0801105c   0x00000104   Code   RO         8962    i.xPortStartScheduler  port.o
    0x08011160   0x08011160   0x0000006c   Code   RO         8211    i.xTaskCreate       tasks.o
    0x080111cc   0x080111cc   0x00000060   Code   RO         8212    i.xTaskCreateStatic  tasks.o
    0x0801122c   0x0801122c   0x0000000c   Code   RO         8217    i.xTaskGetTickCount  tasks.o
    0x08011238   0x08011238   0x00000010   Code   RO         8218    i.xTaskGetTickCountFromISR  tasks.o
    0x08011248   0x08011248   0x000000d4   Code   RO         8219    i.xTaskIncrementTick  tasks.o
    0x0801131c   0x0801131c   0x000000cc   Code   RO         8225    i.xTaskResumeAll    tasks.o
    0x080113e8   0x080113e8   0x0000001c   Data   RO          260    .constdata          freertos.o
    0x08011404   0x08011404   0x00000304   Data   RO         1753    .constdata          crc.o
    0x08011708   0x08011708   0x00000012   Data   RO         2214    .constdata          bmi088driver.o
    0x0801171a   0x0801171a   0x00000002   PAD
    0x0801171c   0x0801171c   0x0000000c   Data   RO         2414    .constdata          imu_driver.o
    0x08011728   0x08011728   0x0000000c   Data   RO         2483    .constdata          ist8310driver.o
    0x08011734   0x08011734   0x0000001c   Data   RO         3141    .constdata          comm_task.o
    0x08011750   0x08011750   0x0000001c   Data   RO         3184    .constdata          detect_task.o
    0x0801176c   0x0801176c   0x0000001c   Data   RO         3244    .constdata          imu_task.o
    0x08011788   0x08011788   0x0000001c   Data   RO         3291    .constdata          infantry_console.o
    0x080117a4   0x080117a4   0x0000001c   Data   RO         3408    .constdata          timer_task.o
    0x080117c0   0x080117c0   0x0000001c   Data   RO         3639    .constdata          gimbal_task.o
    0x080117dc   0x080117dc   0x0000001c   Data   RO         3762    .constdata          shoot_task.o
    0x080117f8   0x080117f8   0x0000001c   Data   RO         3996    .constdata          chassis_task.o
    0x08011814   0x08011814   0x00000008   Data   RO         4850    .constdata          stm32f4xx_hal_dma.o
    0x0801181c   0x0801181c   0x00000010   Data   RO         7668    .constdata          system_stm32f4xx.o
    0x0801182c   0x0801182c   0x00000008   Data   RO         7669    .constdata          system_stm32f4xx.o
    0x08011834   0x08011834   0x0000001c   Data   RO         9141    .constdata          gimbal_other_task.o
    0x08011850   0x08011850   0x0000001c   Data   RO         9257    .constdata          shoot_other_task.o
    0x0801186c   0x0801186c   0x0000000c   Data   RO         9332    .constdata          AHRS.lib(ahrs.o)
    0x08011878   0x08011878   0x00000804   Data   RO         9686    .constdata          arm_cortexM4lf_math.lib(arm_common_tables.o)
    0x0801207c   0x0801207c   0x0000000a   Data   RO          261    .conststring        freertos.o
    0x08012086   0x08012086   0x00000002   PAD
    0x08012088   0x08012088   0x0000000a   Data   RO         3142    .conststring        comm_task.o
    0x08012092   0x08012092   0x00000002   PAD
    0x08012094   0x08012094   0x0000000c   Data   RO         3185    .conststring        detect_task.o
    0x080120a0   0x080120a0   0x00000009   Data   RO         3245    .conststring        imu_task.o
    0x080120a9   0x080120a9   0x00000003   PAD
    0x080120ac   0x080120ac   0x0000000d   Data   RO         3292    .conststring        infantry_console.o
    0x080120b9   0x080120b9   0x00000003   PAD
    0x080120bc   0x080120bc   0x0000000b   Data   RO         3409    .conststring        timer_task.o
    0x080120c7   0x080120c7   0x00000001   PAD
    0x080120c8   0x080120c8   0x0000000c   Data   RO         3640    .conststring        gimbal_task.o
    0x080120d4   0x080120d4   0x0000000b   Data   RO         3763    .conststring        shoot_task.o
    0x080120df   0x080120df   0x00000001   PAD
    0x080120e0   0x080120e0   0x0000000d   Data   RO         3997    .conststring        chassis_task.o
    0x080120ed   0x080120ed   0x00000003   PAD
    0x080120f0   0x080120f0   0x00000012   Data   RO         9142    .conststring        gimbal_other_task.o
    0x08012102   0x08012102   0x00000002   PAD
    0x08012104   0x08012104   0x00000011   Data   RO         9258    .conststring        shoot_other_task.o
    0x08012115   0x08012115   0x00000003   PAD
    0x08012118   0x08012118   0x00000020   Data   RO         9918    Region$$Table       anon$$obj.o


    Execution Region RW_IRAM2 (Exec base: 0x10000000, Load base: 0x08012280, Size: 0x00000000, Max: 0x00010000, ABSOLUTE)

    **** No section assigned to this execution region ****


    Execution Region RW_IRAM1 (Exec base: 0x20000000, Load base: 0x08012138, Size: 0x0000dd38, Max: 0x00020000, ABSOLUTE, COMPRESSED[0x00000148])

    Exec Addr    Load Addr    Size         Type   Attr      Idx    E Section Name        Object

    0x20000000   COMPRESSED   0x00000004   Data   RW          262    .data               freertos.o
    0x20000004   COMPRESSED   0x00000004   Data   RW          311    .data               can.o
    0x20000008   COMPRESSED   0x00000008   Data   RW          831    .data               bsp_can.o
    0x20000010   COMPRESSED   0x00000008   Data   RW          934    .data               bsp_delay.o
    0x20000018   COMPRESSED   0x00000010   Data   RW         1670    .data               comm_protocol.o
    0x20000028   COMPRESSED   0x0000002c   Data   RW         1803    .data               referee_system.o
    0x20000054   COMPRESSED   0x00000001   Data   RW         1853    .data               user_protocol.o
    0x20000055   COMPRESSED   0x00000003   PAD
    0x20000058   COMPRESSED   0x0000000c   Data   RW         1971    .data               client_ui_base.o
    0x20000064   COMPRESSED   0x00000010   Data   RW         2106    .data               vision_protocol.o
    0x20000074   COMPRESSED   0x00000011   Data   RW         2153    .data               buzzer.o
    0x20000085   COMPRESSED   0x00000003   PAD
    0x20000088   COMPRESSED   0x0000002c   Data   RW         2215    .data               bmi088driver.o
    0x200000b4   COMPRESSED   0x0000006c   Data   RW         2415    .data               imu_driver.o
    0x20000120   COMPRESSED   0x00000008   Data   RW         2772    .data               rgb_led.o
    0x20000128   COMPRESSED   0x00000001   Data   RW         3040    .data               app_init.o
    0x20000129   COMPRESSED   0x00000003   PAD
    0x2000012c   COMPRESSED   0x00000008   Data   RW         3143    .data               comm_task.o
    0x20000134   COMPRESSED   0x00000008   Data   RW         3186    .data               detect_task.o
    0x2000013c   COMPRESSED   0x0000000e   Data   RW         3246    .data               imu_task.o
    0x2000014a   COMPRESSED   0x00000002   PAD
    0x2000014c   COMPRESSED   0x00000080   Data   RW         3293    .data               infantry_console.o
    0x200001cc   COMPRESSED   0x00000004   Data   RW         3379    .data               start_task.o
    0x200001d0   COMPRESSED   0x00000008   Data   RW         3410    .data               timer_task.o
    0x200001d8   COMPRESSED   0x0000000c   Data   RW         3449    .data               gimbal_app.o
    0x200001e4   COMPRESSED   0x00000252   Data   RW         3641    .data               gimbal_task.o
    0x20000436   COMPRESSED   0x00000002   PAD
    0x20000438   COMPRESSED   0x00000034   Data   RW         3764    .data               shoot_task.o
    0x2000046c   COMPRESSED   0x0000004c   Data   RW         3933    .data               chassis_function.o
    0x200004b8   COMPRESSED   0x00000045   Data   RW         3998    .data               chassis_task.o
    0x200004fd   COMPRESSED   0x00000003   PAD
    0x20000500   COMPRESSED   0x0000000c   Data   RW         5272    .data               stm32f4xx_hal.o
    0x2000050c   COMPRESSED   0x00000004   Data   RW         7670    .data               system_stm32f4xx.o
    0x20000510   COMPRESSED   0x0000003c   Data   RW         8228    .data               tasks.o
    0x2000054c   COMPRESSED   0x00000020   Data   RW         8895    .data               heap_4.o
    0x2000056c   COMPRESSED   0x0000000c   Data   RW         8963    .data               port.o
    0x20000578   COMPRESSED   0x00000008   Data   RW         9045    .data               gimbal_other_app.o
    0x20000580   COMPRESSED   0x000001a1   Data   RW         9143    .data               gimbal_other_task.o
    0x20000721   COMPRESSED   0x00000003   PAD
    0x20000724   COMPRESSED   0x00000028   Data   RW         9259    .data               shoot_other_task.o
    0x2000074c   COMPRESSED   0x00000010   Data   RW         9333    .data               AHRS.lib(ahrs.o)
    0x2000075c   COMPRESSED   0x00000004   Data   RW         9901    .data               mc_w.l(errno.o)
    0x20000760        -       0x00000254   Zero   RW          259    .bss                freertos.o
    0x200009b4        -       0x00000050   Zero   RW          310    .bss                can.o
    0x20000a04        -       0x00000054   Zero   RW          382    .bss                i2c.o
    0x20000a58        -       0x00000058   Zero   RW          424    .bss                spi.o
    0x20000ab0        -       0x00000168   Zero   RW          473    .bss                tim.o
    0x20000c18        -       0x000002ac   Zero   RW          552    .bss                usart.o
    0x20000ec4        -       0x00000048   Zero   RW          782    .bss                stm32f4xx_hal_timebase_tim.o
    0x20000f0c        -       0x00000038   Zero   RW         1044    .bss                bsp_gpio.o
    0x20000f44        -       0x0000000c   Zero   RW         1228    .bss                bsp_uart.o
    0x20000f50        -       0x0000319c   Zero   RW         1305    .bss                bsp_init.o
    0x200040ec        -       0x00000060   Zero   RW         1802    .bss                referee_system.o
    0x2000414c        -       0x00000024   Zero   RW         1852    .bss                user_protocol.o
    0x20004170        -       0x00000078   Zero   RW         1970    .bss                client_ui_base.o
    0x200041e8        -       0x00000023   Zero   RW         2105    .bss                vision_protocol.o
    0x2000420b   COMPRESSED   0x00000001   PAD
    0x2000420c        -       0x000000e8   Zero   RW         2413    .bss                imu_driver.o
    0x200042f4        -       0x00000168   Zero   RW         2651    .bss                motor.o
    0x2000445c        -       0x00000016   Zero   RW         2738    .bss                remote_control.o
    0x20004472   COMPRESSED   0x00000002   PAD
    0x20004474        -       0x000000a8   Zero   RW         2805    .bss                soft_timer.o
    0x2000451c        -       0x00000180   Zero   RW         3183    .bss                detect_task.o
    0x2000469c        -       0x00000044   Zero   RW         3243    .bss                imu_task.o
    0x200046e0        -       0x00000066   Zero   RW         3290    .bss                infantry_console.o
    0x20004746   COMPRESSED   0x00000002   PAD
    0x20004748        -       0x00000150   Zero   RW         3407    .bss                timer_task.o
    0x20004898        -       0x000017f0   Zero   RW         3448    .bss                gimbal_app.o
    0x20006088        -       0x00000210   Zero   RW         3638    .bss                gimbal_task.o
    0x20006298        -       0x00000274   Zero   RW         3761    .bss                shoot_task.o
    0x2000650c   COMPRESSED   0x00000004   PAD
    0x20006510        -       0x00001b42   Zero   RW         3836    .bss                chassis_app.o
    0x20008052   COMPRESSED   0x00000002   PAD
    0x20008054        -       0x000000f0   Zero   RW         8227    .bss                tasks.o
    0x20008144        -       0x00003c00   Zero   RW         8894    .bss                heap_4.o
    0x2000bd44        -       0x000017f0   Zero   RW         9044    .bss                gimbal_other_app.o
    0x2000d534        -       0x0000018c   Zero   RW         9140    .bss                gimbal_other_task.o
    0x2000d6c0        -       0x00000274   Zero   RW         9256    .bss                shoot_other_task.o
    0x2000d934   COMPRESSED   0x00000004   PAD
    0x2000d938        -       0x00000400   Zero   RW            1    STACK               startup_stm32f407xx.o


==============================================================================

Image component sizes


      Code (inc. data)   RO Data    RW Data    ZI Data      Debug   Object Name

       168          4          0          0          0       5944   ahrs_middleware.o
       458         10          0          1          0      21358   app_init.o
       152         10          0          0          0       3014   blocked.o
      2038         24         18         44          0      10995   bmi088driver.o
       140         28          0          0          0       5176   bmi088middleware.o
       856         34          0          8          0      17040   bsp_can.o
       216         24          0          8          0       2653   bsp_delay.o
       168          4          0          0         56       4449   bsp_gpio.o
       332        126          0          0      12700       2272   bsp_init.o
       758         20          0          0         12       8162   bsp_uart.o
       200         36          0         17          0       2190   buzzer.o
       528         40          0          4         80       2630   can.o
      2012        374          0          0       6978      19734   chassis_app.o
      1580        118          0         76          0       5355   chassis_function.o
      2270        244         41         69          0      11404   chassis_task.o
      1188         48          0         12        120      12773   client_ui_base.o
       186          0          0          0          0      30528   cmsis_os.o
       854         30          0         16          0      11995   comm_protocol.o
        72         14         38          8          0       1825   comm_task.o
       278         10        772          0          0       5090   crc.o
       368         46         40          8        384       4796   detect_task.o
       152          6          0          0          0        902   dma.o
         0          0          0          0          0      16976   event_groups.o
       616          0          0          0          0       8900   fifo.o
        64         20         38          4        596       2093   freertos.o
      1560        300          0         12       6128      19918   gimbal_app.o
       552         16          0          0          0       5270   gimbal_function.o
      1572        308          0          8       6128      14735   gimbal_other_app.o
      3980        320         46        417        396      13577   gimbal_other_task.o
      4448        380         40        594        528      16745   gimbal_task.o
       524         22          0          0          0       1339   gpio.o
       504         32          0         32      15360       7803   heap_4.o
       260         30          0          0         84       1853   i2c.o
       988         98         12        108        232       6073   imu_driver.o
       348         80         37         14         68       3020   imu_task.o
      4902        300         41        128        102      14217   infantry_console.o
       148          6         12          0          0       1583   ist8310driver.o
       136         22          0          0          0       4263   ist8310driver_middleware.o
        64          6          0          0          0       1467   kalman.o
       224          0          0          0          0      15649   kalman_filter.o
       144          0          0          0          0       3778   list.o
       286         16          0          0          0     751036   main.o
       432         36          0          0        360       9697   motor.o
       856         14          0          0          0       6403   pid.o
       814         92          0         12          0      12377   port.o
        72          6          0          0          0       2171   ramp.o
       364         92          0         44         96      10864   referee_system.o
       394          4          0          0         22       5414   remote_control.o
       116         30          0          8          0        688   rgb_led.o
      2016        200         45         40        628       9595   shoot_other_task.o
      2040        198         39         52        628       7676   shoot_task.o
       324         26          0          0        168       5578   soft_timer.o
       268         26          0          0         88       1873   spi.o
        28          4          0          4          0        776   start_task.o
        36          8        392          0       1024        868   startup_stm32f407xx.o
       120         20          0         12          0       8950   stm32f4xx_hal.o
      2078          6          0          0          0      14063   stm32f4xx_hal_can.o
       168         12          0          0          0      32974   stm32f4xx_hal_cortex.o
      1272         18          8          0          0       7798   stm32f4xx_hal_dma.o
       608         24          0          0          0       3846   stm32f4xx_hal_gpio.o
      2796         48          0          0          0      14030   stm32f4xx_hal_i2c.o
        84          6          0          0          0        926   stm32f4xx_hal_msp.o
      1782        112          0          0          0       7441   stm32f4xx_hal_rcc.o
      1010         14          0          0          0       5001   stm32f4xx_hal_spi.o
      2158         56          0          0          0      17002   stm32f4xx_hal_tim.o
       260          0          0          0          0       3609   stm32f4xx_hal_tim_ex.o
       180         20          0          0         72       1563   stm32f4xx_hal_timebase_tim.o
      2078         34          0          0          0      17120   stm32f4xx_hal_uart.o
       272         72          0          0          0      11554   stm32f4xx_it.o
        28          8         24          4          0       1251   system_stm32f4xx.o
      1880        168          0         60        240      25212   tasks.o
      1456        118          0          0        360       6552   tim.o
       256         26         39          8        336       2921   timer_task.o
      1020         92          0          0        684       3807   usart.o
         0          0          0          0          0        592   user_lib.o
       136         22          0          1         36      20464   user_protocol.o
       140         32          0         16         35       6677   vision_protocol.o

    ----------------------------------------------------------------------
     63914       4850       1736       1868      54744    1387913   Object Totals
         0          0         32          0          0          0   (incl. Generated)
        78          0         22         19         15          0   (incl. Padding)

    ----------------------------------------------------------------------

      Code (inc. data)   RO Data    RW Data    ZI Data      Debug   Library Member Name

      2718         84         12         16          0       9922   ahrs.o
         0          0       2052          0          0       4636   arm_common_tables.o
       120         12          0          0          0      16970   arm_cos_f32.o
         8          0          0          0          0        843   arm_mat_init_f32.o
       276          0          0          0          0       1516   arm_mat_trans_f32.o
       116         12          0          0          0        658   arm_sin_f32.o
       300         42          0          0          0        176   asinf.o
       684         90          0          0          0        208   atan2f.o
        20          0          0          0          0        124   fabs.o
        38          0          0          0          0        116   fpclassifyf.o
        44         12          0          0          0        464   funder.o
       120          0          0          0          0        272   sqrtf_full.o
        86          0          0          0          0          0   __dczerorl2.o
         0          0          0          0          0          0   entry.o
         0          0          0          0          0          0   entry10a.o
         0          0          0          0          0          0   entry11a.o
         4          0          0          0          0          0   entry12b.o
         8          4          0          0          0          0   entry2.o
         4          0          0          0          0          0   entry5.o
         0          0          0          0          0          0   entry7b.o
         0          0          0          0          0          0   entry8b.o
         8          4          0          0          0          0   entry9a.o
        12          6          0          4          0         68   errno.o
        30          0          0          0          0          0   handlers.o
        36          8          0          0          0         68   init.o
         0          0          0          0          0          0   iusefp.o
        30          0          0          0          0         68   llshl.o
        36          0          0          0          0         68   llsshr.o
        32          0          0          0          0         68   llushr.o
        36          0          0          0          0         68   memcpya.o
        36          0          0          0          0        108   memseta.o
        18          0          0          0          0         68   strcpy.o
        14          0          0          0          0         68   strlen.o
        98          0          0          0          0         92   uldiv.o
        48          0          0          0          0         68   cdcmple.o
        48          0          0          0          0         68   cdrcmple.o
        56          0          0          0          0         88   d2f.o
       334          0          0          0          0        148   dadd.o
       222          0          0          0          0        100   ddiv.o
       186          0          0          0          0        176   depilogue.o
        50          0          0          0          0         76   dfixui.o
        34          0          0          0          0         76   dflti.o
        26          0          0          0          0         76   dfltui.o
       228          0          0          0          0         96   dmul.o
        38          0          0          0          0         68   f2d.o
       110          0          0          0          0        168   fepilogue.o

    ----------------------------------------------------------------------
      6326        274       2064         20          0      37857   Library Totals
        14          0          0          0          0          0   (incl. Padding)

    ----------------------------------------------------------------------

      Code (inc. data)   RO Data    RW Data    ZI Data      Debug   Library Name

      2718         84         12         16          0       9922   AHRS.lib
       520         24       2052          0          0      24623   arm_cortexM4lf_math.lib
      1206        144          0          0          0       1360   m_wm.l
       488         22          0          4          0        744   mc_w.l
      1380          0          0          0          0       1208   mf_w.l

    ----------------------------------------------------------------------
      6326        274       2064         20          0      37857   Library Totals

    ----------------------------------------------------------------------

==============================================================================


      Code (inc. data)   RO Data    RW Data    ZI Data      Debug   

     70240       5124       3800       1888      54744    1374666   Grand Totals
     70240       5124       3800        328      54744    1374666   ELF Image Totals (compressed)
     70240       5124       3800        328          0          0   ROM Totals

==============================================================================

    Total RO  Size (Code + RO Data)                74040 (  72.30kB)
    Total RW  Size (RW Data + ZI Data)             56632 (  55.30kB)
    Total ROM Size (Code + RO Data + RW Data)      74368 (  72.63kB)

==============================================================================

